Component: Arm Compiler for Embedded 6.24 Tool: armlink [5f371500]

==============================================================================

Section Cross References

    startup_stm32f407xx.o(RESET) refers to startup_stm32f407xx.o(STACK) for __initial_sp
    startup_stm32f407xx.o(RESET) refers to startup_stm32f407xx.o(.text) for Reset_Handler
    startup_stm32f407xx.o(RESET) refers to stm32f4xx_it.o(.text.NMI_Handler) for NMI_Handler
    startup_stm32f407xx.o(RESET) refers to stm32f4xx_it.o(.text.HardFault_Handler) for HardFault_Handler
    startup_stm32f407xx.o(RESET) refers to stm32f4xx_it.o(.text.MemManage_Handler) for MemManage_Handler
    startup_stm32f407xx.o(RESET) refers to stm32f4xx_it.o(.text.BusFault_Handler) for BusFault_Handler
    startup_stm32f407xx.o(RESET) refers to stm32f4xx_it.o(.text.UsageFault_Handler) for UsageFault_Handler
    startup_stm32f407xx.o(RESET) refers to stm32f4xx_it.o(.text.SVC_Handler) for SVC_Handler
    startup_stm32f407xx.o(RESET) refers to stm32f4xx_it.o(.text.DebugMon_Handler) for DebugMon_Handler
    startup_stm32f407xx.o(RESET) refers to stm32f4xx_it.o(.text.PendSV_Handler) for PendSV_Handler
    startup_stm32f407xx.o(RESET) refers to stm32f4xx_it.o(.text.SysTick_Handler) for SysTick_Handler
    startup_stm32f407xx.o(RESET) refers to stm32f4xx_it.o(.text.DMA1_Stream3_IRQHandler) for DMA1_Stream3_IRQHandler
    startup_stm32f407xx.o(RESET) refers to stm32f4xx_it.o(.text.TIM4_IRQHandler) for TIM4_IRQHandler
    startup_stm32f407xx.o(RESET) refers to stm32f4xx_it.o(.text.SPI2_IRQHandler) for SPI2_IRQHandler
    startup_stm32f407xx.o(RESET) refers to stm32f4xx_it.o(.text.USART1_IRQHandler) for USART1_IRQHandler
    startup_stm32f407xx.o(RESET) refers to stm32f4xx_it.o(.text.TIM6_DAC_IRQHandler) for TIM6_DAC_IRQHandler
    startup_stm32f407xx.o(.text) refers to system_stm32f4xx.o(.text.SystemInit) for SystemInit
    startup_stm32f407xx.o(.text) refers to entry.o(.ARM.Collect$$$$00000000) for __main
    main.o(.text.main) refers to stm32f4xx_hal.o(.text.HAL_Init) for HAL_Init
    main.o(.text.main) refers to main.o(.text.SystemClock_Config) for SystemClock_Config
    main.o(.text.main) refers to gpio.o(.text.MX_GPIO_Init) for MX_GPIO_Init
    main.o(.text.main) refers to dma.o(.text.MX_DMA_Init) for MX_DMA_Init
    main.o(.text.main) refers to i2s.o(.text.MX_I2S2_Init) for MX_I2S2_Init
    main.o(.text.main) refers to tim.o(.text.MX_TIM4_Init) for MX_TIM4_Init
    main.o(.text.main) refers to tim.o(.text.MX_TIM6_Init) for MX_TIM6_Init
    main.o(.text.main) refers to usart.o(.text.MX_USART1_UART_Init) for MX_USART1_UART_Init
    main.o(.text.main) refers to lcd_spi_169.o(.text.SPI_LCD_Init) for SPI_LCD_Init
    main.o(.text.main) refers to lcd_spi_169.o(.text.LCD_SetBackColor) for LCD_SetBackColor
    main.o(.text.main) refers to lcd_spi_169.o(.text.LCD_SetColor) for LCD_SetColor
    main.o(.text.main) refers to tim.o(.bss.htim4) for htim4
    main.o(.text.main) refers to stm32f4xx_hal_tim.o(.text.HAL_TIM_Base_Start_IT) for HAL_TIM_Base_Start_IT
    main.o(.text.main) refers to tim.o(.bss.htim6) for htim6
    main.o(.text.main) refers to i2s.o(.bss.hi2s2) for hi2s2
    main.o(.text.main) refers to main.o(.bss.audio_buf) for audio_buf
    main.o(.text.main) refers to stm32f4xx_hal_i2s.o(.text.HAL_I2S_Receive_DMA) for HAL_I2S_Receive_DMA
    main.o(.text.main) refers to fft.o(.text.fft_init) for fft_init
    main.o(.text.main) refers to fft.o(.bss.fft_ready) for fft_ready
    main.o(.text.main) refers to fft.o(.text.fft_process) for fft_process
    main.o(.text.main) refers to fft.o(.text.FFT_calculateTargetRatio) for FFT_calculateTargetRatio
    main.o(.text.main) refers to main.o(.bss.target_ratio) for target_ratio
    main.o(.text.main) refers to fft.o(.text.FFT_CalculateSPL) for FFT_CalculateSPL
    main.o(.text.main) refers to main.o(.bss.sql_db) for sql_db
    main.o(.text.main) refers to f2d.o(.text) for __aeabi_f2d
    main.o(.text.main) refers to main.o(.rodata.str1.1) for .L.str
    main.o(.text.main) refers to printfa.o(i.__0sprintf) for sprintf
    main.o(.text.main) refers to lcd_spi_169.o(.text.LCD_DisplayString) for LCD_DisplayString
    main.o(.ARM.exidx.text.main) refers to main.o(.text.main) for [Anonymous Symbol]
    main.o(.text.SystemClock_Config) refers to memseta.o(.text) for __aeabi_memclr4
    main.o(.text.SystemClock_Config) refers to stm32f4xx_hal_rcc.o(.text.HAL_RCC_OscConfig) for HAL_RCC_OscConfig
    main.o(.text.SystemClock_Config) refers to main.o(.text.Error_Handler) for Error_Handler
    main.o(.text.SystemClock_Config) refers to stm32f4xx_hal_rcc.o(.text.HAL_RCC_ClockConfig) for HAL_RCC_ClockConfig
    main.o(.ARM.exidx.text.SystemClock_Config) refers to main.o(.text.SystemClock_Config) for [Anonymous Symbol]
    main.o(.ARM.exidx.text.Error_Handler) refers to main.o(.text.Error_Handler) for [Anonymous Symbol]
    gpio.o(.text.MX_GPIO_Init) refers to stm32f4xx_hal_gpio.o(.text.HAL_GPIO_WritePin) for HAL_GPIO_WritePin
[...]
    [Anonymous Symbol]                       0x08004d40   Section        0  main.o(.text.SystemClock_Config)
    [Anonymous Symbol]                       0x08004dfc   Section        0  system_stm32f4xx.o(.text.SystemInit)
    [Anonymous Symbol]                       0x08004e10   Section        0  stm32f4xx_it.o(.text.TIM4_IRQHandler)
    [Anonymous Symbol]                       0x08004e20   Section        0  stm32f4xx_it.o(.text.TIM6_DAC_IRQHandler)
    [Anonymous Symbol]                       0x08004e30   Section        0  stm32f4xx_hal_tim.o(.text.TIM_Base_SetConfig)
    [Anonymous Symbol]                       0x08004fd4   Section        0  stm32f4xx_hal_tim.o(.text.TIM_ETR_SetConfig)
    TIM_ITRx_SetConfig                       0x08005009   Thumb Code    42  stm32f4xx_hal_tim.o(.text.TIM_ITRx_SetConfig)
    [Anonymous Symbol]                       0x08005008   Section        0  stm32f4xx_hal_tim.o(.text.TIM_ITRx_SetConfig)
    TIM_TI1_ConfigInputStage                 0x08005035   Thumb Code    80  stm32f4xx_hal_tim.o(.text.TIM_TI1_ConfigInputStage)
    [Anonymous Symbol]                       0x08005034   Section        0  stm32f4xx_hal_tim.o(.text.TIM_TI1_ConfigInputStage)
    TIM_TI2_ConfigInputStage                 0x08005085   Thumb Code    82  stm32f4xx_hal_tim.o(.text.TIM_TI2_ConfigInputStage)
    [Anonymous Symbol]                       0x08005084   Section        0  stm32f4xx_hal_tim.o(.text.TIM_TI2_ConfigInputStage)
    UART_DMAAbortOnError                     0x080050d9   Thumb Code    28  stm32f4xx_hal_uart.o(.text.UART_DMAAbortOnError)
    [Anonymous Symbol]                       0x080050d8   Section        0  stm32f4xx_hal_uart.o(.text.UART_DMAAbortOnError)
    UART_EndRxTransfer                       0x080050f5   Thumb Code   148  stm32f4xx_hal_uart.o(.text.UART_EndRxTransfer)
    [Anonymous Symbol]                       0x080050f4   Section        0  stm32f4xx_hal_uart.o(.text.UART_EndRxTransfer)
    UART_EndTransmit_IT                      0x08005189   Thumb Code    38  stm32f4xx_hal_uart.o(.text.UART_EndTransmit_IT)
    [Anonymous Symbol]                       0x08005188   Section        0  stm32f4xx_hal_uart.o(.text.UART_EndTransmit_IT)
    UART_Receive_IT                          0x080051b1   Thumb Code   360  stm32f4xx_hal_uart.o(.text.UART_Receive_IT)
    [Anonymous Symbol]                       0x080051b0   Section        0  stm32f4xx_hal_uart.o(.text.UART_Receive_IT)
    UART_SetConfig                           0x08005319   Thumb Code   314  stm32f4xx_hal_uart.o(.text.UART_SetConfig)
    [Anonymous Symbol]                       0x08005318   Section        0  stm32f4xx_hal_uart.o(.text.UART_SetConfig)
    [Anonymous Symbol]                       0x08005454   Section        0  stm32f4xx_hal_uart.o(.text.UART_Start_Receive_IT)
    UART_Transmit_IT                         0x080054b9   Thumb Code   148  stm32f4xx_hal_uart.o(.text.UART_Transmit_IT)
    [Anonymous Symbol]                       0x080054b8   Section        0  stm32f4xx_hal_uart.o(.text.UART_Transmit_IT)
    [Anonymous Symbol]                       0x0800554c   Section        0  stm32f4xx_it.o(.text.USART1_IRQHandler)
    [Anonymous Symbol]                       0x0800555c   Section        0  stm32f4xx_it.o(.text.UsageFault_Handler)
    __NVIC_EnableIRQ                         0x08005561   Thumb Code    48  stm32f4xx_hal_cortex.o(.text.__NVIC_EnableIRQ)
    [Anonymous Symbol]                       0x08005560   Section        0  stm32f4xx_hal_cortex.o(.text.__NVIC_EnableIRQ)
    __NVIC_GetPriorityGrouping               0x08005591   Thumb Code    16  stm32f4xx_hal_cortex.o(.text.__NVIC_GetPriorityGrouping)
    [Anonymous Symbol]                       0x08005590   Section        0  stm32f4xx_hal_cortex.o(.text.__NVIC_GetPriorityGrouping)
    __NVIC_SetPriority                       0x080055a1   Thumb Code    66  stm32f4xx_hal_cortex.o(.text.__NVIC_SetPriority)
    [Anonymous Symbol]                       0x080055a0   Section        0  stm32f4xx_hal_cortex.o(.text.__NVIC_SetPriority)
    __NVIC_SetPriorityGrouping               0x080055e5   Thumb Code    60  stm32f4xx_hal_cortex.o(.text.__NVIC_SetPriorityGrouping)
    [Anonymous Symbol]                       0x080055e4   Section        0  stm32f4xx_hal_cortex.o(.text.__NVIC_SetPriorityGrouping)
    [Anonymous Symbol]                       0x08005620   Section        0  transformfunctions.o(.text.arm_bitreversal_32)
    [Anonymous Symbol]                       0x080056b0   Section        0  transformfunctions.o(.text.arm_cfft_f32)
    [Anonymous Symbol]                       0x08005808   Section        0  transformfunctions.o(.text.arm_cfft_init_1024_f32)
    [Anonymous Symbol]                       0x08005840   Section        0  transformfunctions.o(.text.arm_cfft_init_128_f32)
    [Anonymous Symbol]                       0x08005878   Section        0  transformfunctions.o(.text.arm_cfft_init_16_f32)
    [Anonymous Symbol]                       0x080058b0   Section        0  transformfunctions.o(.text.arm_cfft_init_2048_f32)
    [Anonymous Symbol]                       0x080058e8   Section        0  transformfunctions.o(.text.arm_cfft_init_256_f32)
    [Anonymous Symbol]                       0x08005920   Section        0  transformfunctions.o(.text.arm_cfft_init_32_f32)
    [Anonymous Symbol]                       0x08005958   Section        0  transformfunctions.o(.text.arm_cfft_init_512_f32)
    [Anonymous Symbol]                       0x08005990   Section        0  transformfunctions.o(.text.arm_cfft_init_64_f32)
    arm_cfft_radix8by2_f32                   0x080059c9   Thumb Code  1002  transformfunctions.o(.text.arm_cfft_radix8by2_f32)
    [Anonymous Symbol]                       0x080059c8   Section        0  transformfunctions.o(.text.arm_cfft_radix8by2_f32)
    arm_cfft_radix8by4_f32                   0x08005db5   Thumb Code  2656  transformfunctions.o(.text.arm_cfft_radix8by4_f32)
    [Anonymous Symbol]                       0x08005db4   Section        0  transformfunctions.o(.text.arm_cfft_radix8by4_f32)
    [Anonymous Symbol]                       0x08006814   Section        0  fastmathfunctions.o(.text.arm_cos_f32)
    [Anonymous Symbol]                       0x0800691c   Section        0  basicmathfunctions.o(.text.arm_mult_f32)
    [Anonymous Symbol]                       0x08006960   Section        0  transformfunctions.o(.text.arm_radix8_butterfly_f32)
    [Anonymous Symbol]                       0x08007764   Section        0  transformfunctions.o(.text.arm_rfft_fast_f32)
    [Anonymous Symbol]                       0x080077b8   Section        0  transformfunctions.o(.text.arm_rfft_fast_init_1024_f32)
    [Anonymous Symbol]                       0x0800780c   Section        0  transformfunctions.o(.text.arm_rfft_fast_init_128_f32)
    [Anonymous Symbol]                       0x08007860   Section        0  transformfunctions.o(.text.arm_rfft_fast_init_2048_f32)
    [Anonymous Symbol]                       0x080078b4   Section        0  transformfunctions.o(.text.arm_rfft_fast_init_256_f32)
    [Anonymous Symbol]                       0x08007908   Section        0  transformfunctions.o(.text.arm_rfft_fast_init_32_f32)
    [Anonymous Symbol]                       0x0800795c   Section        0  transformfunctions.o(.text.arm_rfft_fast_init_4096_f32)
    [Anonymous Symbol]                       0x080079b0   Section        0  transformfunctions.o(.text.arm_rfft_fast_init_512_f32)
    [Anonymous Symbol]                       0x08007a04   Section        0  transformfunctions.o(.text.arm_rfft_fast_init_64_f32)
    [Anonymous Symbol]                       0x08007a58   Section        0  transformfunctions.o(.text.arm_rfft_fast_init_f32)
    [Anonymous Symbol]                       0x08007b2c   Section        0  fft.o(.text.fft_init)
    [Anonymous Symbol]                       0x08007d24   Section        0  fft.o(.text.fft_process)
    [Anonymous Symbol]                       0x08008000   Section        0  main.o(.text.main)
    merge_rfft_f32                           0x0800818d   Thumb Code   382  transformfunctions.o(.text.merge_rfft_f32)
    [Anonymous Symbol]                       0x0800818c   Section        0  transformfunctions.o(.text.merge_rfft_f32)
    stage_rfft_f32                           0x0800830d   Thumb Code   442  transformfunctions.o(.text.stage_rfft_f32)
    [Anonymous Symbol]                       0x0800830c   Section        0  transformfunctions.o(.text.stage_rfft_f32)
    i.__0sprintf                             0x080084c8   Section        0  printfa.o(i.__0sprintf)
    i.__ARM_fpclassifyf                      0x080084f0   Section        0  fpclassifyf.o(i.__ARM_fpclassifyf)
    i.__hardfp_log10f                        0x08008518   Section        0  log10f.o(i.__hardfp_log10f)
    i.__hardfp_powf                          0x08008698   Section        0  powf.o(i.__hardfp_powf)
    i.__hardfp_sqrtf                         0x08008cfc   Section        0  sqrtf.o(i.__hardfp_sqrtf)
    i.__mathlib_flt_divzero                  0x08008d38   Section        0  funder.o(i.__mathlib_flt_divzero)
    i.__mathlib_flt_infnan                   0x08008d4c   Section        0  funder.o(i.__mathlib_flt_infnan)
    i.__mathlib_flt_infnan2                  0x08008d52   Section        0  funder.o(i.__mathlib_flt_infnan2)
    i.__mathlib_flt_invalid                  0x08008d58   Section        0  funder.o(i.__mathlib_flt_invalid)
    i.__mathlib_flt_overflow                 0x08008d68   Section        0  funder.o(i.__mathlib_flt_overflow)
    i.__mathlib_flt_underflow                0x08008d78   Section        0  funder.o(i.__mathlib_flt_underflow)
    i.__scatterload_copy                     0x08008d88   Section       14  handlers.o(i.__scatterload_copy)
    i.__scatterload_null                     0x08008d96   Section        2  handlers.o(i.__scatterload_null)
    i.__scatterload_zeroinit                 0x08008d98   Section       14  handlers.o(i.__scatterload_zeroinit)
    i.__set_errno                            0x08008da8   Section        0  errno.o(i.__set_errno)
    _fp_digits                               0x08008db5   Thumb Code   366  printfa.o(i._fp_digits)
    i._fp_digits                             0x08008db4   Section        0  printfa.o(i._fp_digits)
    _printf_core                             0x08008f39   Thumb Code  1744  printfa.o(i._printf_core)
    i._printf_core                           0x08008f38   Section        0  printfa.o(i._printf_core)
    _printf_post_padding                     0x08009615   Thumb Code    36  printfa.o(i._printf_post_padding)
    i._printf_post_padding                   0x08009614   Section        0  printfa.o(i._printf_post_padding)
    _printf_pre_padding                      0x08009639   Thumb Code    46  printfa.o(i._printf_pre_padding)
    i._printf_pre_padding                    0x08009638   Section        0  printfa.o(i._printf_pre_padding)
    _sputc                                   0x08009667   Thumb Code    10  printfa.o(i._sputc)
    i._sputc                                 0x08009666   Section        0  printfa.o(i._sputc)
    logahi                                   0x08009670   Data          32  log10f.o(.constdata)
    .constdata                               0x08009670   Section       64  log10f.o(.constdata)
    logalo                                   0x08009690   Data          32  log10f.o(.constdata)
    table                                    0x080096b0   Data         128  powf.o(.constdata)
    .constdata                               0x080096b0   Section      320  powf.o(.constdata)
    powersof2to1over16top                    0x08009730   Data          64  powf.o(.constdata)
    powersof2to1over16bot                    0x08009770   Data          64  powf.o(.constdata)
    powersof2to1over16all                    0x080097b0   Data          64  powf.o(.constdata)
    DMA_CalcBaseAndBitshift.flagBitshiftOffset 0x0800a9d8   Data           8  stm32f4xx_hal_dma.o(.rodata.DMA_CalcBaseAndBitshift.flagBitshiftOffset)
    [Anonymous Symbol]                       0x0800a9d8   Section        0  stm32f4xx_hal_dma.o(.rodata.DMA_CalcBaseAndBitshift.flagBitshiftOffset)
    .L.str.3                                 0x0800e7bc   Data           9  main.o(.rodata.str1.1)
    [Anonymous Symbol]                       0x0800e7bc   Section        0  main.o(.rodata.str1.1)
    .L.str.2                                 0x0800e7c5   Data           9  main.o(.rodata.str1.1)
    .L.str.1                                 0x0800e7ce   Data          13  main.o(.rodata.str1.1)
    .L.str                                   0x0800e7db   Data          14  main.o(.rodata.str1.1)
    _errno                                   0x20000000   Data           4  errno.o(.data)
    .data                                    0x20000000   Section        4  errno.o(.data)
    last_spl                                 0x20000014   Data           4  fft.o(.data.last_spl)
    [Anonymous Symbol]                       0x20000014   Section        0  fft.o(.data.last_spl)
    LCD_AsciiFonts                           0x20000030   Data           4  lcd_spi_169.o(.bss.LCD_AsciiFonts)
    [Anonymous Symbol]                       0x20000030   Section        0  lcd_spi_169.o(.bss.LCD_AsciiFonts)
    a_weighted_total_energy                  0x20000834   Data           4  fft.o(.bss.a_weighted_total_energy)
    [Anonymous Symbol]                       0x20000834   Section        0  fft.o(.bss.a_weighted_total_energy)
    a_weighting                              0x20000838   Data        2048  fft.o(.bss.a_weighting)
    [Anonymous Symbol]                       0x20000838   Section        0  fft.o(.bss.a_weighting)
    fft_input                                0x20002050   Data        4096  fft.o(.bss.fft_input)
    [Anonymous Symbol]                       0x20002050   Section        0  fft.o(.bss.fft_input)
    fft_instance                             0x20003050   Data          24  fft.o(.bss.fft_instance)
    [Anonymous Symbol]                       0x20003050   Section        0  fft.o(.bss.fft_instance)
    fft_output                               0x20003068   Data        4096  fft.o(.bss.fft_output)
    [Anonymous Symbol]                       0x20003068   Section        0  fft.o(.bss.fft_output)
    fft_result                               0x2000406c   Data        4108  fft.o(.bss.fft_result)
    [Anonymous Symbol]                       0x2000406c   Section        0  fft.o(.bss.fft_result)
    hanning_window                           0x20005078   Data        4096  fft.o(.bss.hanning_window)
    [Anonymous Symbol]                       0x20005078   Section        0  fft.o(.bss.hanning_window)
    last_ratio                               0x200061f8   Data           4  fft.o(.bss.last_ratio)
    [Anonymous Symbol]                       0x200061f8   Section        0  fft.o(.bss.last_ratio)
    rms_value                                0x200061fc   Data           4  fft.o(.bss.rms_value)
    [Anonymous Symbol]                       0x200061fc   Section        0  fft.o(.bss.rms_value)
    STACK                                    0x20006318   Section     1024  startup_stm32f407xx.o(STACK)

    Global Symbols

    Symbol Name                              Value     Ov Type        Size  Object(Section)

    BuildAttributes$$THM_ISAv4$E$P$D$K$B$S$7EM$VFPi3$EXTD16$VFPS$VFMA$PE$A:L22UL41UL21$X:L11$S22US41US21$IEEE1$IW$~IW$USESV6$~STKCKD$USESV7$~SHL$OTIME$ROPI$IEEEX$EBA8$MICROLIB$REQ8$PRES8$EABIv2 0x00000000   Number         0  anon$$obj.o ABSOLUTE
    __cpp_initialize__aeabi_                  - Undefined Weak Reference
    __cxa_finalize                            - Undefined Weak Reference
    __decompress                              - Undefined Weak Reference
    _clock_init                               - Undefined Weak Reference
    _microlib_exit                            - Undefined Weak Reference
    __Vectors_Size                           0x00000188   Number         0  startup_stm32f407xx.o ABSOLUTE
    __Vectors                                0x08000000   Data           4  startup_stm32f407xx.o(RESET)
    __Vectors_End                            0x08000188   Data           0  startup_stm32f407xx.o(RESET)
    __main                                   0x08000189   Thumb Code     0  entry.o(.ARM.Collect$$$$00000000)
    _main_stk                                0x08000189   Thumb Code     0  entry2.o(.ARM.Collect$$$$00000001)
    _main_scatterload                        0x0800018d   Thumb Code     0  entry5.o(.ARM.Collect$$$$00000004)
    __main_after_scatterload                 0x08000191   Thumb Code     0  entry5.o(.ARM.Collect$$$$00000004)
    _main_clock                              0x08000191   Thumb Code     0  entry7b.o(.ARM.Collect$$$$00000008)
    _main_cpp_init                           0x08000191   Thumb Code     0  entry8b.o(.ARM.Collect$$$$0000000A)
    _main_init                               0x08000191   Thumb Code     0  entry9a.o(.ARM.Collect$$$$0000000B)
    __rt_final_cpp                           0x08000199   Thumb Code     0  entry10a.o(.ARM.Collect$$$$0000000D)
    __rt_final_exit                          0x08000199   Thumb Code     0  entry11a.o(.ARM.Collect$$$$0000000F)
    Reset_Handler                            0x0800019d   Thumb Code     8  startup_stm32f407xx.o(.text)
    ADC_IRQHandler                           0x080001b7   Thumb Code     0  startup_stm32f407xx.o(.text)
    CAN1_RX0_IRQHandler                      0x080001b7   Thumb Code     0  startup_stm32f407xx.o(.text)
    CAN1_RX1_IRQHandler                      0x080001b7   Thumb Code     0  startup_stm32f407xx.o(.text)
    CAN1_SCE_IRQHandler                      0x080001b7   Thumb Code     0  startup_stm32f407xx.o(.text)
    CAN1_TX_IRQHandler                       0x080001b7   Thumb Code     0  startup_stm32f407xx.o(.text)
    CAN2_RX0_IRQHandler                      0x080001b7   Thumb Code     0  startup_stm32f407xx.o(.text)
    CAN2_RX1_IRQHandler                      0x080001b7   Thumb Code     0  startup_stm32f407xx.o(.text)
    CAN2_SCE_IRQHandler                      0x080001b7   Thumb Code     0  startup_stm32f407xx.o(.text)
    CAN2_TX_IRQHandler                       0x080001b7   Thumb Code     0  startup_stm32f407xx.o(.text)
    DCMI_IRQHandler                          0x080001b7   Thumb Code     0  startup_stm32f407xx.o(.text)
    DMA1_Stream0_IRQHandler                  0x080001b7   Thumb Code     0  startup_stm32f407xx.o(.text)
    DMA1_Stream1_IRQHandler                  0x080001b7   Thumb Code     0  startup_stm32f407xx.o(.text)
    DMA1_Stream2_IRQHandler                  0x080001b7   Thumb Code     0  startup_stm32f407xx.o(.text)
    DMA1_Stream4_IRQHandler                  0x080001b7   Thumb Code     0  startup_stm32f407xx.o(.text)
    DMA1_Stream5_IRQHandler                  0x080001b7   Thumb Code     0  startup_stm32f407xx.o(.text)
    DMA1_Stream6_IRQHandler                  0x080001b7   Thumb Code     0  startup_stm32f407xx.o(.text)
    DMA1_Stream7_IRQHandler                  0x080001b7   Thumb Code     0  startup_stm32f407xx.o(.text)
    DMA2_Stream0_IRQHandler                  0x080001b7   Thumb Code     0  startup_stm32f407xx.o(.text)
    DMA2_Stream1_IRQHandler                  0x080001b7   Thumb Code     0  startup_stm32f407xx.o(.text)
    DMA2_Stream2_IRQHandler                  0x080001b7   Thumb Code     0  startup_stm32f407xx.o(.text)
    DMA2_Stream3_IRQHandler                  0x080001b7   Thumb Code     0  startup_stm32f407xx.o(.text)
    DMA2_Stream4_IRQHandler                  0x080001b7   Thumb Code     0  startup_stm32f407xx.o(.text)
    DMA2_Stream5_IRQHandler                  0x080001b7   Thumb Code     0  startup_stm32f407xx.o(.text)
    DMA2_Stream6_IRQHandler                  0x080001b7   Thumb Code     0  startup_stm32f407xx.o(.text)
    DMA2_Stream7_IRQHandler                  0x080001b7   Thumb Code     0  startup_stm32f407xx.o(.text)
    ETH_IRQHandler                           0x080001b7   Thumb Code     0  startup_stm32f407xx.o(.text)
    ETH_WKUP_IRQHandler                      0x080001b7   Thumb Code     0  startup_stm32f407xx.o(.text)
    EXTI0_IRQHandler                         0x080001b7   Thumb Code     0  startup_stm32f407xx.o(.text)
    EXTI15_10_IRQHandler                     0x080001b7   Thumb Code     0  startup_stm32f407xx.o(.text)
    EXTI1_IRQHandler                         0x080001b7   Thumb Code     0  startup_stm32f407xx.o(.text)
    EXTI2_IRQHandler                         0x080001b7   Thumb Code     0  startup_stm32f407xx.o(.text)
    EXTI3_IRQHandler                         0x080001b7   Thumb Code     0  startup_stm32f407xx.o(.text)
    EXTI4_IRQHandler                         0x080001b7   Thumb Code     0  startup_stm32f407xx.o(.text)
    EXTI9_5_IRQHandler                       0x080001b7   Thumb Code     0  startup_stm32f407xx.o(.text)
    FLASH_IRQHandler                         0x080001b7   Thumb Code     0  startup_stm32f407xx.o(.text)
    FMC_IRQHandler                           0x080001b7   Thumb Code     0  startup_stm32f407xx.o(.text)
    FPU_IRQHandler                           0x080001b7   Thumb Code     0  startup_stm32f407xx.o(.text)
    HASH_RNG_IRQHandler                      0x080001b7   Thumb Code     0  startup_stm32f407xx.o(.text)
    I2C1_ER_IRQHandler                       0x080001b7   Thumb Code     0  startup_stm32f407xx.o(.text)
    I2C1_EV_IRQHandler                       0x080001b7   Thumb Code     0  startup_stm32f407xx.o(.text)
    I2C2_ER_IRQHandler                       0x080001b7   Thumb Code     0  startup_stm32f407xx.o(.text)
    I2C2_EV_IRQHandler                       0x080001b7   Thumb Code     0  startup_stm32f407xx.o(.text)
    I2C3_ER_IRQHandler                       0x080001b7   Thumb Code     0  startup_stm32f407xx.o(.text)
    I2C3_EV_IRQHandler                       0x080001b7   Thumb Code     0  startup_stm32f407xx.o(.text)
    OTG_FS_IRQHandler                        0x080001b7   Thumb Code     0  startup_stm32f407xx.o(.text)
    OTG_FS_WKUP_IRQHandler                   0x080001b7   Thumb Code     0  startup_stm32f407xx.o(.text)
    OTG_HS_EP1_IN_IRQHandler                 0x080001b7   Thumb Code     0  startup_stm32f407xx.o(.text)
    OTG_HS_EP1_OUT_IRQHandler                0x080001b7   Thumb Code     0  startup_stm32f407xx.o(.text)
    OTG_HS_IRQHandler                        0x080001b7   Thumb Code     0  startup_stm32f407xx.o(.text)
    OTG_HS_WKUP_IRQHandler                   0x080001b7   Thumb Code     0  startup_stm32f407xx.o(.text)
    PVD_IRQHandler                           0x080001b7   Thumb Code     0  startup_stm32f407xx.o(.text)
    RCC_IRQHandler                           0x080001b7   Thumb Code     0  startup_stm32f407xx.o(.text)
    RTC_Alarm_IRQHandler                     0x080001b7   Thumb Code     0  startup_stm32f407xx.o(.text)
    RTC_WKUP_IRQHandler                      0x080001b7   Thumb Code     0  startup_stm32f407xx.o(.text)
    SDIO_IRQHandler                          0x080001b7   Thumb Code     0  startup_stm32f407xx.o(.text)
    SPI1_IRQHandler                          0x080001b7   Thumb Code     0  startup_stm32f407xx.o(.text)
    SPI3_IRQHandler                          0x080001b7   Thumb Code     0  startup_stm32f407xx.o(.text)
    TAMP_STAMP_IRQHandler                    0x080001b7   Thumb Code     0  startup_stm32f407xx.o(.text)
    TIM1_BRK_TIM9_IRQHandler                 0x080001b7   Thumb Code     0  startup_stm32f407xx.o(.text)
    TIM1_CC_IRQHandler                       0x080001b7   Thumb Code     0  startup_stm32f407xx.o(.text)
    TIM1_TRG_COM_TIM11_IRQHandler            0x080001b7   Thumb Code     0  startup_stm32f407xx.o(.text)
    TIM1_UP_TIM10_IRQHandler                 0x080001b7   Thumb Code     0  startup_stm32f407xx.o(.text)
    TIM2_IRQHandler                          0x080001b7   Thumb Code     0  startup_stm32f407xx.o(.text)
    TIM3_IRQHandler                          0x080001b7   Thumb Code     0  startup_stm32f407xx.o(.text)
    TIM5_IRQHandler                          0x080001b7   Thumb Code     0  startup_stm32f407xx.o(.text)
    TIM7_IRQHandler                          0x080001b7   Thumb Code     0  startup_stm32f407xx.o(.text)
    TIM8_BRK_TIM12_IRQHandler                0x080001b7   Thumb Code     0  startup_stm32f407xx.o(.text)
    TIM8_CC_IRQHandler                       0x080001b7   Thumb Code     0  startup_stm32f407xx.o(.text)
    TIM8_TRG_COM_TIM14_IRQHandler            0x080001b7   Thumb Code     0  startup_stm32f407xx.o(.text)
    TIM8_UP_TIM13_IRQHandler                 0x080001b7   Thumb Code     0  startup_stm32f407xx.o(.text)
    UART4_IRQHandler                         0x080001b7   Thumb Code     0  startup_stm32f407xx.o(.text)
    UART5_IRQHandler                         0x080001b7   Thumb Code     0  startup_stm32f407xx.o(.text)
    USART2_IRQHandler                        0x080001b7   Thumb Code     0  startup_stm32f407xx.o(.text)
    USART3_IRQHandler                        0x080001b7   Thumb Code     0  startup_stm32f407xx.o(.text)
    USART6_IRQHandler                        0x080001b7   Thumb Code     0  startup_stm32f407xx.o(.text)
    WWDG_IRQHandler                          0x080001b7   Thumb Code     0  startup_stm32f407xx.o(.text)
    __aeabi_uldivmod                         0x080001c1   Thumb Code    98  uldiv.o(.text)
    __aeabi_memset                           0x08000223   Thumb Code    14  memseta.o(.text)
    __aeabi_memset4                          0x08000223   Thumb Code     0  memseta.o(.text)
    __aeabi_memset8                          0x08000223   Thumb Code     0  memseta.o(.text)
    __aeabi_memclr                           0x08000231   Thumb Code     4  memseta.o(.text)
    __aeabi_memclr4                          0x08000231   Thumb Code     0  memseta.o(.text)
    __aeabi_memclr8                          0x08000231   Thumb Code     0  memseta.o(.text)
    _memset$wrapper                          0x08000235   Thumb Code    18  memseta.o(.text)
    __aeabi_dadd                             0x08000247   Thumb Code   322  dadd.o(.text)
    __aeabi_dsub                             0x08000389   Thumb Code     6  dadd.o(.text)
    __aeabi_drsub                            0x0800038f   Thumb Code     6  dadd.o(.text)
    __aeabi_dmul                             0x08000395   Thumb Code   228  dmul.o(.text)
    __aeabi_ddiv                             0x08000479   Thumb Code   222  ddiv.o(.text)
    __aeabi_f2d                              0x08000557   Thumb Code    38  f2d.o(.text)
    __aeabi_uidiv                            0x0800057d   Thumb Code     0  uidiv.o(.text)
    __aeabi_uidivmod                         0x0800057d   Thumb Code    44  uidiv.o(.text)
    __aeabi_llsl                             0x080005a9   Thumb Code    30  llshl.o(.text)
    _ll_shift_l                              0x080005a9   Thumb Code     0  llshl.o(.text)
    __aeabi_llsr                             0x080005c7   Thumb Code    32  llushr.o(.text)
    _ll_ushift_r                             0x080005c7   Thumb Code     0  llushr.o(.text)
    __aeabi_lasr                             0x080005e7   Thumb Code    36  llsshr.o(.text)
    _ll_sshift_r                             0x080005e7   Thumb Code     0  llsshr.o(.text)
    __I$use$fp                               0x0800060b   Thumb Code     0  iusefp.o(.text)
    _double_round                            0x0800060b   Thumb Code    30  depilogue.o(.text)
    _double_epilogue                         0x08000629   Thumb Code   156  depilogue.o(.text)
    __aeabi_d2ulz                            0x080006c5   Thumb Code    48  dfixul.o(.text)
    __aeabi_cdrcmple                         0x080006f5   Thumb Code    48  cdrcmple.o(.text)
    __fp_status                              0x08000725   Thumb Code     4  fpstat.o(.text)
    __ieee_status                            0x08000725   Thumb Code     0  fpstat.o(.text)
    __scatterload                            0x08000729   Thumb Code    38  init.o(.text)
    __scatterload_rt2                        0x08000729   Thumb Code     0  init.o(.text)
    BusFault_Handler                         0x08000759   Thumb Code     4  stm32f4xx_it.o(.text.BusFault_Handler)
    DMA1_Stream3_IRQHandler                  0x0800075d   Thumb Code    16  stm32f4xx_it.o(.text.DMA1_Stream3_IRQHandler)
    DebugMon_Handler                         0x08000905   Thumb Code     2  stm32f4xx_it.o(.text.DebugMon_Handler)
    Error_Handler                            0x08000909   Thumb Code     6  main.o(.text.Error_Handler)
    FFT_CalculateSPL                         0x08000911   Thumb Code   300  fft.o(.text.FFT_CalculateSPL)
    FFT_calculateTargetRatio                 0x08000a59   Thumb Code   364  fft.o(.text.FFT_calculateTargetRatio)
    HAL_DMA_Abort                            0x08000bdd   Thumb Code   236  stm32f4xx_hal_dma.o(.text.HAL_DMA_Abort)
    HAL_DMA_Abort_IT                         0x08000cc9   Thumb Code    68  stm32f4xx_hal_dma.o(.text.HAL_DMA_Abort_IT)
    HAL_DMA_IRQHandler                       0x08000d0d   Thumb Code   798  stm32f4xx_hal_dma.o(.text.HAL_DMA_IRQHandler)
    HAL_DMA_Init                             0x0800102d   Thumb Code   366  stm32f4xx_hal_dma.o(.text.HAL_DMA_Init)
    HAL_DMA_Start_IT                         0x0800119d   Thumb Code   194  stm32f4xx_hal_dma.o(.text.HAL_DMA_Start_IT)
    HAL_Delay                                0x08001261   Thumb Code    66  stm32f4xx_hal.o(.text.HAL_Delay)
    HAL_GPIO_Init                            0x080012a5   Thumb Code   950  stm32f4xx_hal_gpio.o(.text.HAL_GPIO_Init)
    HAL_GPIO_WritePin                        0x0800165d   Thumb Code    46  stm32f4xx_hal_gpio.o(.text.HAL_GPIO_WritePin)
    HAL_GetTick                              0x0800168d   Thumb Code    12  stm32f4xx_hal.o(.text.HAL_GetTick)
    HAL_I2SEx_FullDuplex_IRQHandler          0x08001699   Thumb Code   666  stm32f4xx_hal_i2s_ex.o(.text.HAL_I2SEx_FullDuplex_IRQHandler)
    HAL_I2SEx_TxRxCpltCallback               0x08001935   Thumb Code     8  stm32f4xx_hal_i2s_ex.o(.text.HAL_I2SEx_TxRxCpltCallback)
    HAL_I2S_ErrorCallback                    0x0800193d   Thumb Code     8  stm32f4xx_hal_i2s.o(.text.HAL_I2S_ErrorCallback)
    HAL_I2S_IRQHandler                       0x08001945   Thumb Code    16  stm32f4xx_hal_i2s.o(.text.HAL_I2S_IRQHandler)
    HAL_I2S_Init                             0x08001955   Thumb Code   658  stm32f4xx_hal_i2s.o(.text.HAL_I2S_Init)
    HAL_I2S_MspInit                          0x08001be9   Thumb Code   372  i2s.o(.text.HAL_I2S_MspInit)
    HAL_I2S_Receive_DMA                      0x08001d5d   Thumb Code   404  stm32f4xx_hal_i2s.o(.text.HAL_I2S_Receive_DMA)
    HAL_I2S_RxCpltCallback                   0x08001ef1   Thumb Code   178  hardware.o(.text.HAL_I2S_RxCpltCallback)
    HAL_I2S_RxHalfCpltCallback               0x08001fa5   Thumb Code     8  stm32f4xx_hal_i2s.o(.text.HAL_I2S_RxHalfCpltCallback)
    HAL_I2S_TxCpltCallback                   0x08001fad   Thumb Code     8  stm32f4xx_hal_i2s.o(.text.HAL_I2S_TxCpltCallback)
    HAL_IncTick                              0x08001fb5   Thumb Code    26  stm32f4xx_hal.o(.text.HAL_IncTick)
    HAL_Init                                 0x08001fd1   Thumb Code    60  stm32f4xx_hal.o(.text.HAL_Init)
    HAL_InitTick                             0x0800200d   Thumb Code   112  stm32f4xx_hal.o(.text.HAL_InitTick)
    HAL_MspInit                              0x0800207d   Thumb Code    74  stm32f4xx_hal_msp.o(.text.HAL_MspInit)
    HAL_NVIC_EnableIRQ                       0x080020c9   Thumb Code    20  stm32f4xx_hal_cortex.o(.text.HAL_NVIC_EnableIRQ)
    HAL_NVIC_SetPriority                     0x080020dd   Thumb Code    50  stm32f4xx_hal_cortex.o(.text.HAL_NVIC_SetPriority)
    HAL_NVIC_SetPriorityGrouping             0x08002111   Thumb Code    16  stm32f4xx_hal_cortex.o(.text.HAL_NVIC_SetPriorityGrouping)
    HAL_RCCEx_GetPeriphCLKFreq               0x08002121   Thumb Code   198  stm32f4xx_hal_rcc_ex.o(.text.HAL_RCCEx_GetPeriphCLKFreq)
    HAL_RCCEx_PeriphCLKConfig                0x080021e9   Thumb Code   568  stm32f4xx_hal_rcc_ex.o(.text.HAL_RCCEx_PeriphCLKConfig)
    HAL_RCC_ClockConfig                      0x08002421   Thumb Code   610  stm32f4xx_hal_rcc.o(.text.HAL_RCC_ClockConfig)
    HAL_RCC_GetHCLKFreq                      0x08002685   Thumb Code    12  stm32f4xx_hal_rcc.o(.text.HAL_RCC_GetHCLKFreq)
    HAL_RCC_GetPCLK1Freq                     0x08002691   Thumb Code    34  stm32f4xx_hal_rcc.o(.text.HAL_RCC_GetPCLK1Freq)
    HAL_RCC_GetPCLK2Freq                     0x080026b5   Thumb Code    34  stm32f4xx_hal_rcc.o(.text.HAL_RCC_GetPCLK2Freq)
    HAL_RCC_GetSysClockFreq                  0x080026d9   Thumb Code   230  stm32f4xx_hal_rcc.o(.text.HAL_RCC_GetSysClockFreq)
    HAL_RCC_OscConfig                        0x080027c1   Thumb Code  1726  stm32f4xx_hal_rcc.o(.text.HAL_RCC_OscConfig)
    HAL_SYSTICK_Config                       0x08002e81   Thumb Code    16  stm32f4xx_hal_cortex.o(.text.HAL_SYSTICK_Config)
    HAL_TIMEx_BreakCallback                  0x08002e91   Thumb Code     8  stm32f4xx_hal_tim_ex.o(.text.HAL_TIMEx_BreakCallback)
    HAL_TIMEx_CommutCallback                 0x08002e99   Thumb Code     8  stm32f4xx_hal_tim_ex.o(.text.HAL_TIMEx_CommutCallback)
    HAL_TIMEx_MasterConfigSynchronization    0x08002ea1   Thumb Code   290  stm32f4xx_hal_tim_ex.o(.text.HAL_TIMEx_MasterConfigSynchronization)
    HAL_TIM_Base_Init                        0x08002fc5   Thumb Code   156  stm32f4xx_hal_tim.o(.text.HAL_TIM_Base_Init)
    HAL_TIM_Base_MspInit                     0x08003061   Thumb Code   156  tim.o(.text.HAL_TIM_Base_MspInit)
    HAL_TIM_Base_Start_IT                    0x080030fd   Thumb Code   246  stm32f4xx_hal_tim.o(.text.HAL_TIM_Base_Start_IT)
    HAL_TIM_ConfigClockSource                0x080031f5   Thumb Code   388  stm32f4xx_hal_tim.o(.text.HAL_TIM_ConfigClockSource)
    HAL_TIM_IC_CaptureCallback               0x08003379   Thumb Code     8  stm32f4xx_hal_tim.o(.text.HAL_TIM_IC_CaptureCallback)
    HAL_TIM_IRQHandler                       0x08003381   Thumb Code   538  stm32f4xx_hal_tim.o(.text.HAL_TIM_IRQHandler)
    HAL_TIM_OC_DelayElapsedCallback          0x0800359d   Thumb Code     8  stm32f4xx_hal_tim.o(.text.HAL_TIM_OC_DelayElapsedCallback)
    HAL_TIM_PWM_PulseFinishedCallback        0x080035a5   Thumb Code     8  stm32f4xx_hal_tim.o(.text.HAL_TIM_PWM_PulseFinishedCallback)
    HAL_TIM_PeriodElapsedCallback            0x080035ad   Thumb Code    48  hardware.o(.text.HAL_TIM_PeriodElapsedCallback)
    HAL_TIM_TriggerCallback                  0x080035dd   Thumb Code     8  stm32f4xx_hal_tim.o(.text.HAL_TIM_TriggerCallback)
    HAL_UARTEx_RxEventCallback               0x080035e5   Thumb Code    12  stm32f4xx_hal_uart.o(.text.HAL_UARTEx_RxEventCallback)
    HAL_UART_ErrorCallback                   0x080035f1   Thumb Code     8  stm32f4xx_hal_uart.o(.text.HAL_UART_ErrorCallback)
    HAL_UART_IRQHandler                      0x080035f9   Thumb Code  1116  stm32f4xx_hal_uart.o(.text.HAL_UART_IRQHandler)
    HAL_UART_Init                            0x08003a55   Thumb Code   158  stm32f4xx_hal_uart.o(.text.HAL_UART_Init)
    HAL_UART_MspInit                         0x08003af5   Thumb Code   164  usart.o(.text.HAL_UART_MspInit)
    HAL_UART_Receive_IT                      0x08003b99   Thumb Code    86  stm32f4xx_hal_uart.o(.text.HAL_UART_Receive_IT)
    HAL_UART_RxCpltCallback                  0x08003bf1   Thumb Code    84  hardware.o(.text.HAL_UART_RxCpltCallback)
    HAL_UART_TxCpltCallback                  0x08003c45   Thumb Code     8  stm32f4xx_hal_uart.o(.text.HAL_UART_TxCpltCallback)
    HardFault_Handler                        0x08003c4d   Thumb Code     4  stm32f4xx_it.o(.text.HardFault_Handler)
    LCD_Clear                                0x0800405d   Thumb Code   124  lcd_spi_169.o(.text.LCD_Clear)
    LCD_DisplayChar                          0x080040d9   Thumb Code   356  lcd_spi_169.o(.text.LCD_DisplayChar)
    LCD_DisplayString                        0x0800423d   Thumb Code   112  lcd_spi_169.o(.text.LCD_DisplayString)
    LCD_GPIOInit                             0x080042ad   Thumb Code   266  lcd_spi_169.o(.text.LCD_GPIOInit)
    LCD_SPI_WriteByte                        0x080043b9   Thumb Code   134  lcd_spi_169.o(.text.LCD_SPI_WriteByte)
    LCD_SetAddress                           0x08004441   Thumb Code   136  lcd_spi_169.o(.text.LCD_SetAddress)
    LCD_SetAsciiFont                         0x080044c9   Thumb Code    20  lcd_spi_169.o(.text.LCD_SetAsciiFont)
    LCD_SetBackColor                         0x080044dd   Thumb Code    82  lcd_spi_169.o(.text.LCD_SetBackColor)
    LCD_SetColor                             0x08004531   Thumb Code    82  lcd_spi_169.o(.text.LCD_SetColor)
    LCD_SetDirection                         0x08004585   Thumb Code   256  lcd_spi_169.o(.text.LCD_SetDirection)
    LCD_ShowNumMode                          0x08004685   Thumb Code    24  lcd_spi_169.o(.text.LCD_ShowNumMode)
    LCD_WriteBuff                            0x0800469d   Thumb Code    92  lcd_spi_169.o(.text.LCD_WriteBuff)
    LCD_WriteCommand                         0x080046f9   Thumb Code    74  lcd_spi_169.o(.text.LCD_WriteCommand)
    LCD_WriteData_16bit                      0x08004745   Thumb Code    50  lcd_spi_169.o(.text.LCD_WriteData_16bit)
    LCD_WriteData_8bit                       0x08004779   Thumb Code    42  lcd_spi_169.o(.text.LCD_WriteData_8bit)
    MX_DMA_Init                              0x080047a5   Thumb Code    60  dma.o(.text.MX_DMA_Init)
    MX_GPIO_Init                             0x080047e1   Thumb Code   264  gpio.o(.text.MX_GPIO_Init)
    MX_I2S2_Init                             0x080048e9   Thumb Code    70  i2s.o(.text.MX_I2S2_Init)
    MX_TIM4_Init                             0x08004931   Thumb Code   130  tim.o(.text.MX_TIM4_Init)
    MX_TIM6_Init                             0x080049b5   Thumb Code    90  tim.o(.text.MX_TIM6_Init)
    MX_USART1_UART_Init                      0x08004a11   Thumb Code    86  usart.o(.text.MX_USART1_UART_Init)
    MemManage_Handler                        0x08004a69   Thumb Code     4  stm32f4xx_it.o(.text.MemManage_Handler)
    NMI_Handler                              0x08004a6d   Thumb Code     4  stm32f4xx_it.o(.text.NMI_Handler)
    PendSV_Handler                           0x08004add   Thumb Code     2  stm32f4xx_it.o(.text.PendSV_Handler)
    SPI2_IRQHandler                          0x08004ae1   Thumb Code    16  stm32f4xx_it.o(.text.SPI2_IRQHandler)
    SPI_LCD_Init                             0x08004af1   Thumb Code   494  lcd_spi_169.o(.text.SPI_LCD_Init)
    SVC_Handler                              0x08004ce1   Thumb Code     2  stm32f4xx_it.o(.text.SVC_Handler)
    SysTick_Handler                          0x08004d39   Thumb Code     8  stm32f4xx_it.o(.text.SysTick_Handler)
    SystemClock_Config                       0x08004d41   Thumb Code   186  main.o(.text.SystemClock_Config)
    SystemInit                               0x08004dfd   Thumb Code    18  system_stm32f4xx.o(.text.SystemInit)
    TIM4_IRQHandler                          0x08004e11   Thumb Code    16  stm32f4xx_it.o(.text.TIM4_IRQHandler)
    TIM6_DAC_IRQHandler                      0x08004e21   Thumb Code    16  stm32f4xx_it.o(.text.TIM6_DAC_IRQHandler)
    TIM_Base_SetConfig                       0x08004e31   Thumb Code   420  stm32f4xx_hal_tim.o(.text.TIM_Base_SetConfig)
    TIM_ETR_SetConfig                        0x08004fd5   Thumb Code    52  stm32f4xx_hal_tim.o(.text.TIM_ETR_SetConfig)
    UART_Start_Receive_IT                    0x08005455   Thumb Code    98  stm32f4xx_hal_uart.o(.text.UART_Start_Receive_IT)
    USART1_IRQHandler                        0x0800554d   Thumb Code    16  stm32f4xx_it.o(.text.USART1_IRQHandler)
    UsageFault_Handler                       0x0800555d   Thumb Code     4  stm32f4xx_it.o(.text.UsageFault_Handler)
    arm_bitreversal_32                       0x08005621   Thumb Code   142  transformfunctions.o(.text.arm_bitreversal_32)
    arm_cfft_f32                             0x080056b1   Thumb Code   342  transformfunctions.o(.text.arm_cfft_f32)
    arm_cfft_init_1024_f32                   0x08005809   Thumb Code    56  transformfunctions.o(.text.arm_cfft_init_1024_f32)
    arm_cfft_init_128_f32                    0x08005841   Thumb Code    54  transformfunctions.o(.text.arm_cfft_init_128_f32)
    arm_cfft_init_16_f32                     0x08005879   Thumb Code    54  transformfunctions.o(.text.arm_cfft_init_16_f32)
    arm_cfft_init_2048_f32                   0x080058b1   Thumb Code    56  transformfunctions.o(.text.arm_cfft_init_2048_f32)
    arm_cfft_init_256_f32                    0x080058e9   Thumb Code    56  transformfunctions.o(.text.arm_cfft_init_256_f32)
    arm_cfft_init_32_f32                     0x08005921   Thumb Code    54  transformfunctions.o(.text.arm_cfft_init_32_f32)
    arm_cfft_init_512_f32                    0x08005959   Thumb Code    56  transformfunctions.o(.text.arm_cfft_init_512_f32)
    arm_cfft_init_64_f32                     0x08005991   Thumb Code    54  transformfunctions.o(.text.arm_cfft_init_64_f32)
    arm_cos_f32                              0x08006815   Thumb Code   252  fastmathfunctions.o(.text.arm_cos_f32)
    arm_mult_f32                             0x0800691d   Thumb Code    68  basicmathfunctions.o(.text.arm_mult_f32)
    arm_radix8_butterfly_f32                 0x08006961   Thumb Code  3584  transformfunctions.o(.text.arm_radix8_butterfly_f32)
    arm_rfft_fast_f32                        0x08007765   Thumb Code    82  transformfunctions.o(.text.arm_rfft_fast_f32)
    arm_rfft_fast_init_1024_f32              0x080077b9   Thumb Code    84  transformfunctions.o(.text.arm_rfft_fast_init_1024_f32)
    arm_rfft_fast_init_128_f32               0x0800780d   Thumb Code    82  transformfunctions.o(.text.arm_rfft_fast_init_128_f32)
    arm_rfft_fast_init_2048_f32              0x08007861   Thumb Code    84  transformfunctions.o(.text.arm_rfft_fast_init_2048_f32)
    arm_rfft_fast_init_256_f32               0x080078b5   Thumb Code    84  transformfunctions.o(.text.arm_rfft_fast_init_256_f32)
    arm_rfft_fast_init_32_f32                0x08007909   Thumb Code    82  transformfunctions.o(.text.arm_rfft_fast_init_32_f32)
    arm_rfft_fast_init_4096_f32              0x0800795d   Thumb Code    84  transformfunctions.o(.text.arm_rfft_fast_init_4096_f32)
    arm_rfft_fast_init_512_f32               0x080079b1   Thumb Code    84  transformfunctions.o(.text.arm_rfft_fast_init_512_f32)
    arm_rfft_fast_init_64_f32                0x08007a05   Thumb Code    82  transformfunctions.o(.text.arm_rfft_fast_init_64_f32)
    arm_rfft_fast_init_f32                   0x08007a59   Thumb Code   212  transformfunctions.o(.text.arm_rfft_fast_init_f32)
    fft_init                                 0x08007b2d   Thumb Code   476  fft.o(.text.fft_init)
    fft_process                              0x08007d25   Thumb Code   720  fft.o(.text.fft_process)
    main                                     0x08008001   Thumb Code   388  main.o(.text.main)
    __0sprintf                               0x080084c9   Thumb Code    34  printfa.o(i.__0sprintf)
    __1sprintf                               0x080084c9   Thumb Code     0  printfa.o(i.__0sprintf)
    __2sprintf                               0x080084c9   Thumb Code     0  printfa.o(i.__0sprintf)
    __c89sprintf                             0x080084c9   Thumb Code     0  printfa.o(i.__0sprintf)
    sprintf                                  0x080084c9   Thumb Code     0  printfa.o(i.__0sprintf)
    __ARM_fpclassifyf                        0x080084f1   Thumb Code    38  fpclassifyf.o(i.__ARM_fpclassifyf)
    __hardfp_log10f                          0x08008519   Thumb Code   332  log10f.o(i.__hardfp_log10f)
    __hardfp_powf                            0x08008699   Thumb Code  1606  powf.o(i.__hardfp_powf)
    __mathlib_powf                           0x08008699   Thumb Code     0  powf.o(i.__hardfp_powf)
    __hardfp_sqrtf                           0x08008cfd   Thumb Code    58  sqrtf.o(i.__hardfp_sqrtf)
    __mathlib_flt_divzero                    0x08008d39   Thumb Code    14  funder.o(i.__mathlib_flt_divzero)
    __mathlib_flt_infnan                     0x08008d4d   Thumb Code     6  funder.o(i.__mathlib_flt_infnan)
    __mathlib_flt_infnan2                    0x08008d53   Thumb Code     6  funder.o(i.__mathlib_flt_infnan2)
    __mathlib_flt_invalid                    0x08008d59   Thumb Code    10  funder.o(i.__mathlib_flt_invalid)
    __mathlib_flt_overflow                   0x08008d69   Thumb Code    10  funder.o(i.__mathlib_flt_overflow)
    __mathlib_flt_underflow                  0x08008d79   Thumb Code    10  funder.o(i.__mathlib_flt_underflow)
    __scatterload_copy                       0x08008d89   Thumb Code    14  handlers.o(i.__scatterload_copy)
    __scatterload_null                       0x08008d97   Thumb Code     2  handlers.o(i.__scatterload_null)
    __scatterload_zeroinit                   0x08008d99   Thumb Code    14  handlers.o(i.__scatterload_zeroinit)
    __set_errno                              0x08008da9   Thumb Code     6  errno.o(i.__set_errno)
    AHBPrescTable                            0x080097f0   Data          16  system_stm32f4xx.o(.rodata.AHBPrescTable)
    APBPrescTable                            0x08009800   Data           8  system_stm32f4xx.o(.rodata.APBPrescTable)
    ASCII_2412_Table                         0x08009808   Data        4560  lcd_fonts.o(.rodata.ASCII_2412_Table)
    armBitRevIndexTable1024                  0x0800a9e0   Data        3600  commontables.o(.rodata.armBitRevIndexTable1024)
    armBitRevIndexTable128                   0x0800b7f0   Data         416  commontables.o(.rodata.armBitRevIndexTable128)
    armBitRevIndexTable16                    0x0800b990   Data          40  commontables.o(.rodata.armBitRevIndexTable16)
    armBitRevIndexTable2048                  0x0800b9b8   Data        7616  commontables.o(.rodata.armBitRevIndexTable2048)
    armBitRevIndexTable256                   0x0800d778   Data         880  commontables.o(.rodata.armBitRevIndexTable256)
    armBitRevIndexTable32                    0x0800dae8   Data          96  commontables.o(.rodata.armBitRevIndexTable32)
    armBitRevIndexTable512                   0x0800db48   Data         896  commontables.o(.rodata.armBitRevIndexTable512)
    armBitRevIndexTable64                    0x0800dec8   Data         112  commontables.o(.rodata.armBitRevIndexTable64)
    arm_cfft_sR_f32_len1024                  0x0800df38   Data          16  commontables.o(.rodata.arm_cfft_sR_f32_len1024)
    arm_cfft_sR_f32_len128                   0x0800df48   Data          16  commontables.o(.rodata.arm_cfft_sR_f32_len128)
    arm_cfft_sR_f32_len16                    0x0800df58   Data          16  commontables.o(.rodata.arm_cfft_sR_f32_len16)
    arm_cfft_sR_f32_len2048                  0x0800df68   Data          16  commontables.o(.rodata.arm_cfft_sR_f32_len2048)
    arm_cfft_sR_f32_len256                   0x0800df78   Data          16  commontables.o(.rodata.arm_cfft_sR_f32_len256)
    arm_cfft_sR_f32_len32                    0x0800df88   Data          16  commontables.o(.rodata.arm_cfft_sR_f32_len32)
    arm_cfft_sR_f32_len512                   0x0800df98   Data          16  commontables.o(.rodata.arm_cfft_sR_f32_len512)
    arm_cfft_sR_f32_len64                    0x0800dfa8   Data          16  commontables.o(.rodata.arm_cfft_sR_f32_len64)
    sinTable_f32                             0x0800dfb8   Data        2052  commontables.o(.rodata.sinTable_f32)
    twiddleCoef_1024                         0x0800e7ec   Data        8192  commontables.o(.rodata.twiddleCoef_1024)
    twiddleCoef_128                          0x080107ec   Data        1024  commontables.o(.rodata.twiddleCoef_128)
    twiddleCoef_16                           0x08010bec   Data         128  commontables.o(.rodata.twiddleCoef_16)
    twiddleCoef_2048                         0x08010c6c   Data       16384  commontables.o(.rodata.twiddleCoef_2048)
    twiddleCoef_256                          0x08014c6c   Data        2048  commontables.o(.rodata.twiddleCoef_256)
    twiddleCoef_32                           0x0801546c   Data         256  commontables.o(.rodata.twiddleCoef_32)
    twiddleCoef_512                          0x0801556c   Data        4096  commontables.o(.rodata.twiddleCoef_512)
    twiddleCoef_64                           0x0801656c   Data         512  commontables.o(.rodata.twiddleCoef_64)
    twiddleCoef_rfft_1024                    0x0801676c   Data        4096  commontables.o(.rodata.twiddleCoef_rfft_1024)
    twiddleCoef_rfft_128                     0x0801776c   Data         512  commontables.o(.rodata.twiddleCoef_rfft_128)
    twiddleCoef_rfft_2048                    0x0801796c   Data        8192  commontables.o(.rodata.twiddleCoef_rfft_2048)
    twiddleCoef_rfft_256                     0x0801996c   Data        1024  commontables.o(.rodata.twiddleCoef_rfft_256)
    twiddleCoef_rfft_32                      0x08019d6c   Data         128  commontables.o(.rodata.twiddleCoef_rfft_32)
    twiddleCoef_rfft_4096                    0x08019dec   Data       16384  commontables.o(.rodata.twiddleCoef_rfft_4096)
    twiddleCoef_rfft_512                     0x0801ddec   Data        2048  commontables.o(.rodata.twiddleCoef_rfft_512)
    twiddleCoef_rfft_64                      0x0801e5ec   Data         256  commontables.o(.rodata.twiddleCoef_rfft_64)
    Region$$Table$$Base                      0x0801e6ec   Number         0  anon$$obj.o(Region$$Table)
    Region$$Table$$Limit                     0x0801e70c   Number         0  anon$$obj.o(Region$$Table)
    ASCII_Font24                             0x20000004   Data          12  lcd_fonts.o(.data.ASCII_Font24)
    SystemCoreClock                          0x20000010   Data           4  system_stm32f4xx.o(.data.SystemCoreClock)
    uwTickFreq                               0x20000018   Data           1  stm32f4xx_hal.o(.data.uwTickFreq)
    uwTickPrio                               0x2000001c   Data           4  stm32f4xx_hal.o(.data.uwTickPrio)
    LCD                                      0x20000020   Data          16  lcd_spi_169.o(.bss.LCD)
    LCD_Buff                                 0x20000034   Data        2048  lcd_spi_169.o(.bss.LCD_Buff)
    audio_buf                                0x20001038   Data          16  main.o(.bss.audio_buf)
    dma_cnt                                  0x20001048   Data           4  main.o(.bss.dma_cnt)
    fft_buf                                  0x2000104c   Data        4096  fft.o(.bss.fft_buf)
    fft_buf_idx                              0x2000204c   Data           2  fft.o(.bss.fft_buf_idx)
    fft_ready                                0x20004068   Data           1  fft.o(.bss.fft_ready)
    hdma_spi2_rx                             0x20006078   Data          96  i2s.o(.bss.hdma_spi2_rx)
    hi2s2                                    0x200060d8   Data          72  i2s.o(.bss.hi2s2)
    htim4                                    0x20006120   Data          72  tim.o(.bss.htim4)
    htim6                                    0x20006168   Data          72  tim.o(.bss.htim6)
    huart1                                   0x200061b0   Data          72  usart.o(.bss.huart1)
    sql_db                                   0x20006200   Data           4  main.o(.bss.sql_db)
    target_ratio                             0x20006204   Data           4  main.o(.bss.target_ratio)
    uart_rx_buffer                           0x20006208   Data         256  usart.o(.bss.uart_rx_buffer)
    uart_rx_index                            0x20006308   Data           2  usart.o(.bss.uart_rx_index)
    uwTick                                   0x2000630c   Data           4  stm32f4xx_hal.o(.bss.uwTick)
    val32                                    0x20006310   Data           4  main.o(.bss.val32)
    __initial_sp                             0x20006718   Data           0  startup_stm32f407xx.o(STACK)



==============================================================================

Memory Map of the image

  Image Entry point : 0x08000189

  Load Region LR_IROM1 (Base: 0x08000000, Size: 0x0001e730, Max: 0x00080000, ABSOLUTE)

    Execution Region ER_IROM1 (Exec base: 0x08000000, Load base: 0x08000000, Size: 0x0001e70c, Max: 0x00080000, ABSOLUTE)

    Exec Addr    Load Addr    Size         Type   Attr      Idx    E Section Name        Object

    0x08000000   0x08000000   0x00000188   Data   RO            3    RESET               startup_stm32f407xx.o
    0x08000188   0x08000188   0x00000000   Code   RO         3440  * .ARM.Collect$$$$00000000  mc_w.l(entry.o)
    0x08000188   0x08000188   0x00000004   Code   RO         3560    .ARM.Collect$$$$00000001  mc_w.l(entry2.o)
    0x0800018c   0x0800018c   0x00000004   Code   RO         3563    .ARM.Collect$$$$00000004  mc_w.l(entry5.o)
    0x08000190   0x08000190   0x00000000   Code   RO         3565    .ARM.Collect$$$$00000008  mc_w.l(entry7b.o)
    0x08000190   0x08000190   0x00000000   Code   RO         3567    .ARM.Collect$$$$0000000A  mc_w.l(entry8b.o)
    0x08000190   0x08000190   0x00000008   Code   RO         3568    .ARM.Collect$$$$0000000B  mc_w.l(entry9a.o)
    0x08000198   0x08000198   0x00000000   Code   RO         3570    .ARM.Collect$$$$0000000D  mc_w.l(entry10a.o)
    0x08000198   0x08000198   0x00000000   Code   RO         3572    .ARM.Collect$$$$0000000F  mc_w.l(entry11a.o)
    0x08000198   0x08000198   0x00000004   Code   RO         3561    .ARM.Collect$$$$00002712  mc_w.l(entry2.o)
    0x0800019c   0x0800019c   0x00000024   Code   RO            4    .text               startup_stm32f407xx.o
    0x080001c0   0x080001c0   0x00000062   Code   RO         3443    .text               mc_w.l(uldiv.o)
    0x08000222   0x08000222   0x00000024   Code   RO         3449    .text               mc_w.l(memseta.o)
    0x08000246   0x08000246   0x0000014e   Code   RO         3481    .text               mf_w.l(dadd.o)
    0x08000394   0x08000394   0x000000e4   Code   RO         3483    .text               mf_w.l(dmul.o)
    0x08000478   0x08000478   0x000000de   Code   RO         3485    .text               mf_w.l(ddiv.o)
    0x08000556   0x08000556   0x00000026   Code   RO         3505    .text               mf_w.l(f2d.o)
    0x0800057c   0x0800057c   0x0000002c   Code   RO         3584    .text               mc_w.l(uidiv.o)
    0x080005a8   0x080005a8   0x0000001e   Code   RO         3586    .text               mc_w.l(llshl.o)
    0x080005c6   0x080005c6   0x00000020   Code   RO         3588    .text               mc_w.l(llushr.o)
    0x080005e6   0x080005e6   0x00000024   Code   RO         3590    .text               mc_w.l(llsshr.o)
    0x0800060a   0x0800060a   0x00000000   Code   RO         3599    .text               mc_w.l(iusefp.o)
    0x0800060a   0x0800060a   0x000000ba   Code   RO         3602    .text               mf_w.l(depilogue.o)
    0x080006c4   0x080006c4   0x00000030   Code   RO         3608    .text               mf_w.l(dfixul.o)
    0x080006f4   0x080006f4   0x00000030   Code   RO         3612    .text               mf_w.l(cdrcmple.o)
    0x08000724   0x08000724   0x00000004   Code   RO         3614    .text               mf_w.l(fpstat.o)
    0x08000728   0x08000728   0x00000030   Code   RO         3622    .text               mc_w.l(init.o)
    0x08000758   0x08000758   0x00000004   Code   RO          106    .text.BusFault_Handler  stm32f4xx_it.o
    0x0800075c   0x0800075c   0x00000010   Code   RO          118    .text.DMA1_Stream3_IRQHandler  stm32f4xx_it.o
    0x0800076c   0x0800076c   0x00000056   Code   RO          423    .text.DMA_CalcBaseAndBitshift  stm32f4xx_hal_dma.o
    0x080007c2   0x080007c2   0x00000002   PAD
    0x080007c4   0x080007c4   0x000000f0   Code   RO          421    .text.DMA_CheckFifoParam  stm32f4xx_hal_dma.o
    0x080008b4   0x080008b4   0x00000050   Code   RO          429    .text.DMA_SetConfig  stm32f4xx_hal_dma.o
    0x08000904   0x08000904   0x00000002   Code   RO          112    .text.DebugMon_Handler  stm32f4xx_it.o
    0x08000906   0x08000906   0x00000002   PAD
    0x08000908   0x08000908   0x00000006   Code   RO           15    .text.Error_Handler  main.o
    0x0800090e   0x0800090e   0x00000002   PAD
    0x08000910   0x08000910   0x00000148   Code   RO         1298    .text.FFT_CalculateSPL  fft.o
    0x08000a58   0x08000a58   0x00000184   Code   RO         1296    .text.FFT_calculateTargetRatio  fft.o
    0x08000bdc   0x08000bdc   0x000000ec   Code   RO          433    .text.HAL_DMA_Abort  stm32f4xx_hal_dma.o
    0x08000cc8   0x08000cc8   0x00000044   Code   RO          435    .text.HAL_DMA_Abort_IT  stm32f4xx_hal_dma.o
    0x08000d0c   0x08000d0c   0x0000031e   Code   RO          439    .text.HAL_DMA_IRQHandler  stm32f4xx_hal_dma.o
    0x0800102a   0x0800102a   0x00000002   PAD
    0x0800102c   0x0800102c   0x0000016e   Code   RO          419    .text.HAL_DMA_Init  stm32f4xx_hal_dma.o
    0x0800119a   0x0800119a   0x00000002   PAD
    0x0800119c   0x0800119c   0x000000c2   Code   RO          431    .text.HAL_DMA_Start_IT  stm32f4xx_hal_dma.o
    0x0800125e   0x0800125e   0x00000002   PAD
    0x08001260   0x08001260   0x00000042   Code   RO          614    .text.HAL_Delay     stm32f4xx_hal.o
    0x080012a2   0x080012a2   0x00000002   PAD
    0x080012a4   0x080012a4   0x000003b6   Code   RO          381    .text.HAL_GPIO_Init  stm32f4xx_hal_gpio.o
    0x0800165a   0x0800165a   0x00000002   PAD
    0x0800165c   0x0800165c   0x0000002e   Code   RO          387    .text.HAL_GPIO_WritePin  stm32f4xx_hal_gpio.o
    0x0800168a   0x0800168a   0x00000002   PAD
    0x0800168c   0x0800168c   0x0000000c   Code   RO          606    .text.HAL_GetTick   stm32f4xx_hal.o
    0x08001698   0x08001698   0x0000029a   Code   RO          224    .text.HAL_I2SEx_FullDuplex_IRQHandler  stm32f4xx_hal_i2s_ex.o
    0x08001932   0x08001932   0x00000002   PAD
    0x08001934   0x08001934   0x00000008   Code   RO          236    .text.HAL_I2SEx_TxRxCpltCallback  stm32f4xx_hal_i2s_ex.o
    0x0800193c   0x0800193c   0x00000008   Code   RO          193    .text.HAL_I2S_ErrorCallback  stm32f4xx_hal_i2s.o
    0x08001944   0x08001944   0x00000010   Code   RO          183    .text.HAL_I2S_IRQHandler  stm32f4xx_hal_i2s.o
    0x08001954   0x08001954   0x00000292   Code   RO          143    .text.HAL_I2S_Init  stm32f4xx_hal_i2s.o
    0x08001be6   0x08001be6   0x00000002   PAD
    0x08001be8   0x08001be8   0x00000174   Code   RO           52    .text.HAL_I2S_MspInit  i2s.o
    0x08001d5c   0x08001d5c   0x00000194   Code   RO          171    .text.HAL_I2S_Receive_DMA  stm32f4xx_hal_i2s.o
    0x08001ef0   0x08001ef0   0x000000b2   Code   RO         1276    .text.HAL_I2S_RxCpltCallback  hardware.o
    0x08001fa2   0x08001fa2   0x00000002   PAD
    0x08001fa4   0x08001fa4   0x00000008   Code   RO          189    .text.HAL_I2S_RxHalfCpltCallback  stm32f4xx_hal_i2s.o
    0x08001fac   0x08001fac   0x00000008   Code   RO          187    .text.HAL_I2S_TxCpltCallback  stm32f4xx_hal_i2s.o
    0x08001fb4   0x08001fb4   0x0000001a   Code   RO          604    .text.HAL_IncTick   stm32f4xx_hal.o
    0x08001fce   0x08001fce   0x00000002   PAD
    0x08001fd0   0x08001fd0   0x0000003c   Code   RO          594    .text.HAL_Init      stm32f4xx_hal.o
    0x0800200c   0x0800200c   0x00000070   Code   RO          596    .text.HAL_InitTick  stm32f4xx_hal.o
    0x0800207c   0x0800207c   0x0000004a   Code   RO          135    .text.HAL_MspInit   stm32f4xx_hal_msp.o
    0x080020c6   0x080020c6   0x00000002   PAD
    0x080020c8   0x080020c8   0x00000014   Code   RO          529    .text.HAL_NVIC_EnableIRQ  stm32f4xx_hal_cortex.o
    0x080020dc   0x080020dc   0x00000032   Code   RO          521    .text.HAL_NVIC_SetPriority  stm32f4xx_hal_cortex.o
    0x0800210e   0x0800210e   0x00000002   PAD
    0x08002110   0x08002110   0x00000010   Code   RO          517    .text.HAL_NVIC_SetPriorityGrouping  stm32f4xx_hal_cortex.o
    0x08002120   0x08002120   0x000000c6   Code   RO          284    .text.HAL_RCCEx_GetPeriphCLKFreq  stm32f4xx_hal_rcc_ex.o
    0x080021e6   0x080021e6   0x00000002   PAD
    0x080021e8   0x080021e8   0x00000238   Code   RO          280    .text.HAL_RCCEx_PeriphCLKConfig  stm32f4xx_hal_rcc_ex.o
    0x08002420   0x08002420   0x00000262   Code   RO          249    .text.HAL_RCC_ClockConfig  stm32f4xx_hal_rcc.o
    0x08002682   0x08002682   0x00000002   PAD
    0x08002684   0x08002684   0x0000000c   Code   RO          259    .text.HAL_RCC_GetHCLKFreq  stm32f4xx_hal_rcc.o
    0x08002690   0x08002690   0x00000022   Code   RO          261    .text.HAL_RCC_GetPCLK1Freq  stm32f4xx_hal_rcc.o
    0x080026b2   0x080026b2   0x00000002   PAD
    0x080026b4   0x080026b4   0x00000022   Code   RO          263    .text.HAL_RCC_GetPCLK2Freq  stm32f4xx_hal_rcc.o
    0x080026d6   0x080026d6   0x00000002   PAD
    0x080026d8   0x080026d8   0x000000e6   Code   RO          251    .text.HAL_RCC_GetSysClockFreq  stm32f4xx_hal_rcc.o
    0x080027be   0x080027be   0x00000002   PAD
    0x080027c0   0x080027c0   0x000006be   Code   RO          247    .text.HAL_RCC_OscConfig  stm32f4xx_hal_rcc.o
    0x08002e7e   0x08002e7e   0x00000002   PAD
    0x08002e80   0x08002e80   0x00000010   Code   RO          541    .text.HAL_SYSTICK_Config  stm32f4xx_hal_cortex.o
    0x08002e90   0x08002e90   0x00000008   Code   RO         1006    .text.HAL_TIMEx_BreakCallback  stm32f4xx_hal_tim_ex.o
    0x08002e98   0x08002e98   0x00000008   Code   RO         1002    .text.HAL_TIMEx_CommutCallback  stm32f4xx_hal_tim_ex.o
    0x08002ea0   0x08002ea0   0x00000122   Code   RO          996    .text.HAL_TIMEx_MasterConfigSynchronization  stm32f4xx_hal_tim_ex.o
    0x08002fc2   0x08002fc2   0x00000002   PAD
    0x08002fc4   0x08002fc4   0x0000009c   Code   RO          683    .text.HAL_TIM_Base_Init  stm32f4xx_hal_tim.o
    0x08003060   0x08003060   0x0000009c   Code   RO           69    .text.HAL_TIM_Base_MspInit  tim.o
    0x080030fc   0x080030fc   0x000000f6   Code   RO          697    .text.HAL_TIM_Base_Start_IT  stm32f4xx_hal_tim.o
    0x080031f2   0x080031f2   0x00000002   PAD
    0x080031f4   0x080031f4   0x00000184   Code   RO          875    .text.HAL_TIM_ConfigClockSource  stm32f4xx_hal_tim.o
    0x08003378   0x08003378   0x00000008   Code   RO          819    .text.HAL_TIM_IC_CaptureCallback  stm32f4xx_hal_tim.o
    0x08003380   0x08003380   0x0000021a   Code   RO          817    .text.HAL_TIM_IRQHandler  stm32f4xx_hal_tim.o
    0x0800359a   0x0800359a   0x00000002   PAD
    0x0800359c   0x0800359c   0x00000008   Code   RO          821    .text.HAL_TIM_OC_DelayElapsedCallback  stm32f4xx_hal_tim.o
    0x080035a4   0x080035a4   0x00000008   Code   RO          823    .text.HAL_TIM_PWM_PulseFinishedCallback  stm32f4xx_hal_tim.o
    0x080035ac   0x080035ac   0x00000030   Code   RO         1280    .text.HAL_TIM_PeriodElapsedCallback  hardware.o
    0x080035dc   0x080035dc   0x00000008   Code   RO          827    .text.HAL_TIM_TriggerCallback  stm32f4xx_hal_tim.o
    0x080035e4   0x080035e4   0x0000000c   Code   RO         1111    .text.HAL_UARTEx_RxEventCallback  stm32f4xx_hal_uart.o
    0x080035f0   0x080035f0   0x00000008   Code   RO         1109    .text.HAL_UART_ErrorCallback  stm32f4xx_hal_uart.o
    0x080035f8   0x080035f8   0x0000045c   Code   RO         1103    .text.HAL_UART_IRQHandler  stm32f4xx_hal_uart.o
    0x08003a54   0x08003a54   0x0000009e   Code   RO         1019    .text.HAL_UART_Init  stm32f4xx_hal_uart.o
    0x08003af2   0x08003af2   0x00000002   PAD
    0x08003af4   0x08003af4   0x000000a4   Code   RO           84    .text.HAL_UART_MspInit  usart.o
    0x08003b98   0x08003b98   0x00000056   Code   RO         1043    .text.HAL_UART_Receive_IT  stm32f4xx_hal_uart.o
    0x08003bee   0x08003bee   0x00000002   PAD
    0x08003bf0   0x08003bf0   0x00000054   Code   RO         1278    .text.HAL_UART_RxCpltCallback  hardware.o
    0x08003c44   0x08003c44   0x00000008   Code   RO         1117    .text.HAL_UART_TxCpltCallback  stm32f4xx_hal_uart.o
    0x08003c4c   0x08003c4c   0x00000004   Code   RO          102    .text.HardFault_Handler  stm32f4xx_it.o
    0x08003c50   0x08003c50   0x00000050   Code   RO          232    .text.I2SEx_RxISR_I2S  stm32f4xx_hal_i2s_ex.o
    0x08003ca0   0x08003ca0   0x0000008c   Code   RO          228    .text.I2SEx_RxISR_I2SExt  stm32f4xx_hal_i2s_ex.o
    0x08003d2c   0x08003d2c   0x00000050   Code   RO          226    .text.I2SEx_TxISR_I2S  stm32f4xx_hal_i2s_ex.o
    0x08003d7c   0x08003d7c   0x0000008a   Code   RO          230    .text.I2SEx_TxISR_I2SExt  stm32f4xx_hal_i2s_ex.o
    0x08003e06   0x08003e06   0x00000002   PAD
    0x08003e08   0x08003e08   0x0000003e   Code   RO          169    .text.I2S_DMAError  stm32f4xx_hal_i2s.o
    0x08003e46   0x08003e46   0x00000002   PAD
    0x08003e48   0x08003e48   0x0000003a   Code   RO          175    .text.I2S_DMARxCplt  stm32f4xx_hal_i2s.o
    0x08003e82   0x08003e82   0x00000002   PAD
    0x08003e84   0x08003e84   0x00000016   Code   RO          173    .text.I2S_DMARxHalfCplt  stm32f4xx_hal_i2s.o
    0x08003e9a   0x08003e9a   0x00000002   PAD
    0x08003e9c   0x08003e9c   0x0000012a   Code   RO          145    .text.I2S_IRQHandler  stm32f4xx_hal_i2s.o
    0x08003fc6   0x08003fc6   0x00000002   PAD
    0x08003fc8   0x08003fc8   0x0000004a   Code   RO          199    .text.I2S_Receive_IT  stm32f4xx_hal_i2s.o
    0x08004012   0x08004012   0x00000002   PAD
    0x08004014   0x08004014   0x00000048   Code   RO          201    .text.I2S_Transmit_IT  stm32f4xx_hal_i2s.o
    0x0800405c   0x0800405c   0x0000007c   Code   RO         1218    .text.LCD_Clear     lcd_spi_169.o
    0x080040d8   0x080040d8   0x00000164   Code   RO         1230    .text.LCD_DisplayChar  lcd_spi_169.o
    0x0800423c   0x0800423c   0x00000070   Code   RO         1232    .text.LCD_DisplayString  lcd_spi_169.o
    0x080042ac   0x080042ac   0x0000010a   Code   RO         1200    .text.LCD_GPIOInit  lcd_spi_169.o
    0x080043b6   0x080043b6   0x00000002   PAD
    0x080043b8   0x080043b8   0x00000086   Code   RO         1198    .text.LCD_SPI_WriteByte  lcd_spi_169.o
    0x0800443e   0x0800443e   0x00000002   PAD
    0x08004440   0x08004440   0x00000088   Code   RO         1224    .text.LCD_SetAddress  lcd_spi_169.o
    0x080044c8   0x080044c8   0x00000014   Code   RO         1220    .text.LCD_SetAsciiFont  lcd_spi_169.o
    0x080044dc   0x080044dc   0x00000052   Code   RO         1214    .text.LCD_SetBackColor  lcd_spi_169.o
    0x0800452e   0x0800452e   0x00000002   PAD
    0x08004530   0x08004530   0x00000052   Code   RO         1216    .text.LCD_SetColor  lcd_spi_169.o
    0x08004582   0x08004582   0x00000002   PAD
    0x08004584   0x08004584   0x00000100   Code   RO         1212    .text.LCD_SetDirection  lcd_spi_169.o
    0x08004684   0x08004684   0x00000018   Code   RO         1222    .text.LCD_ShowNumMode  lcd_spi_169.o
    0x0800469c   0x0800469c   0x0000005c   Code   RO         1208    .text.LCD_WriteBuff  lcd_spi_169.o
    0x080046f8   0x080046f8   0x0000004a   Code   RO         1202    .text.LCD_WriteCommand  lcd_spi_169.o
    0x08004742   0x08004742   0x00000002   PAD
    0x08004744   0x08004744   0x00000032   Code   RO         1206    .text.LCD_WriteData_16bit  lcd_spi_169.o
    0x08004776   0x08004776   0x00000002   PAD
    0x08004778   0x08004778   0x0000002a   Code   RO         1204    .text.LCD_WriteData_8bit  lcd_spi_169.o
    0x080047a2   0x080047a2   0x00000002   PAD
    0x080047a4   0x080047a4   0x0000003c   Code   RO           42    .text.MX_DMA_Init   dma.o
    0x080047e0   0x080047e0   0x00000108   Code   RO           34    .text.MX_GPIO_Init  gpio.o
    0x080048e8   0x080048e8   0x00000046   Code   RO           50    .text.MX_I2S2_Init  i2s.o
    0x0800492e   0x0800492e   0x00000002   PAD
    0x08004930   0x08004930   0x00000082   Code   RO           65    .text.MX_TIM4_Init  tim.o
    0x080049b2   0x080049b2   0x00000002   PAD
    0x080049b4   0x080049b4   0x0000005a   Code   RO           67    .text.MX_TIM6_Init  tim.o
    0x08004a0e   0x08004a0e   0x00000002   PAD
    0x08004a10   0x08004a10   0x00000056   Code   RO           82    .text.MX_USART1_UART_Init  usart.o
    0x08004a66   0x08004a66   0x00000002   PAD
    0x08004a68   0x08004a68   0x00000004   Code   RO          104    .text.MemManage_Handler  stm32f4xx_it.o
    0x08004a6c   0x08004a6c   0x00000004   Code   RO          100    .text.NMI_Handler   stm32f4xx_it.o
    0x08004a70   0x08004a70   0x0000006c   Code   RO          527    .text.NVIC_EncodePriority  stm32f4xx_hal_cortex.o
    0x08004adc   0x08004adc   0x00000002   Code   RO          114    .text.PendSV_Handler  stm32f4xx_it.o
    0x08004ade   0x08004ade   0x00000002   PAD
    0x08004ae0   0x08004ae0   0x00000010   Code   RO          122    .text.SPI2_IRQHandler  stm32f4xx_it.o
    0x08004af0   0x08004af0   0x000001ee   Code   RO         1210    .text.SPI_LCD_Init  lcd_spi_169.o
    0x08004cde   0x08004cde   0x00000002   PAD
    0x08004ce0   0x08004ce0   0x00000002   Code   RO          110    .text.SVC_Handler   stm32f4xx_it.o
    0x08004ce2   0x08004ce2   0x00000002   PAD
    0x08004ce4   0x08004ce4   0x00000052   Code   RO          543    .text.SysTick_Config  stm32f4xx_hal_cortex.o
    0x08004d36   0x08004d36   0x00000002   PAD
    0x08004d38   0x08004d38   0x00000008   Code   RO          116    .text.SysTick_Handler  stm32f4xx_it.o
    0x08004d40   0x08004d40   0x000000ba   Code   RO           13    .text.SystemClock_Config  main.o
    0x08004dfa   0x08004dfa   0x00000002   PAD
    0x08004dfc   0x08004dfc   0x00000012   Code   RO         1150    .text.SystemInit    system_stm32f4xx.o
    0x08004e0e   0x08004e0e   0x00000002   PAD
    0x08004e10   0x08004e10   0x00000010   Code   RO          120    .text.TIM4_IRQHandler  stm32f4xx_it.o
    0x08004e20   0x08004e20   0x00000010   Code   RO          126    .text.TIM6_DAC_IRQHandler  stm32f4xx_it.o
    0x08004e30   0x08004e30   0x000001a4   Code   RO          687    .text.TIM_Base_SetConfig  stm32f4xx_hal_tim.o
    0x08004fd4   0x08004fd4   0x00000034   Code   RO          873    .text.TIM_ETR_SetConfig  stm32f4xx_hal_tim.o
    0x08005008   0x08005008   0x0000002a   Code   RO          879    .text.TIM_ITRx_SetConfig  stm32f4xx_hal_tim.o
    0x08005032   0x08005032   0x00000002   PAD
    0x08005034   0x08005034   0x00000050   Code   RO          877    .text.TIM_TI1_ConfigInputStage  stm32f4xx_hal_tim.o
    0x08005084   0x08005084   0x00000052   Code   RO          881    .text.TIM_TI2_ConfigInputStage  stm32f4xx_hal_tim.o
    0x080050d6   0x080050d6   0x00000002   PAD
    0x080050d8   0x080050d8   0x0000001c   Code   RO         1107    .text.UART_DMAAbortOnError  stm32f4xx_hal_uart.o
    0x080050f4   0x080050f4   0x00000094   Code   RO         1067    .text.UART_EndRxTransfer  stm32f4xx_hal_uart.o
    0x08005188   0x08005188   0x00000026   Code   RO         1115    .text.UART_EndTransmit_IT  stm32f4xx_hal_uart.o
    0x080051ae   0x080051ae   0x00000002   PAD
    0x080051b0   0x080051b0   0x00000168   Code   RO         1105    .text.UART_Receive_IT  stm32f4xx_hal_uart.o
    0x08005318   0x08005318   0x0000013a   Code   RO         1023    .text.UART_SetConfig  stm32f4xx_hal_uart.o
    0x08005452   0x08005452   0x00000002   PAD
    0x08005454   0x08005454   0x00000062   Code   RO         1045    .text.UART_Start_Receive_IT  stm32f4xx_hal_uart.o
    0x080054b6   0x080054b6   0x00000002   PAD
    0x080054b8   0x080054b8   0x00000094   Code   RO         1113    .text.UART_Transmit_IT  stm32f4xx_hal_uart.o
    0x0800554c   0x0800554c   0x00000010   Code   RO          124    .text.USART1_IRQHandler  stm32f4xx_it.o
    0x0800555c   0x0800555c   0x00000004   Code   RO          108    .text.UsageFault_Handler  stm32f4xx_it.o
    0x08005560   0x08005560   0x00000030   Code   RO          531    .text.__NVIC_EnableIRQ  stm32f4xx_hal_cortex.o
    0x08005590   0x08005590   0x00000010   Code   RO          523    .text.__NVIC_GetPriorityGrouping  stm32f4xx_hal_cortex.o
    0x080055a0   0x080055a0   0x00000042   Code   RO          525    .text.__NVIC_SetPriority  stm32f4xx_hal_cortex.o
    0x080055e2   0x080055e2   0x00000002   PAD
    0x080055e4   0x080055e4   0x0000003c   Code   RO          519    .text.__NVIC_SetPriorityGrouping  stm32f4xx_hal_cortex.o
    0x08005620   0x08005620   0x0000008e   Code   RO         2836    .text.arm_bitreversal_32  transformfunctions.o
    0x080056ae   0x080056ae   0x00000002   PAD
    0x080056b0   0x080056b0   0x00000156   Code   RO         2840    .text.arm_cfft_f32  transformfunctions.o
    0x08005806   0x08005806   0x00000002   PAD
    0x08005808   0x08005808   0x00000038   Code   RO         2878    .text.arm_cfft_init_1024_f32  transformfunctions.o
    0x08005840   0x08005840   0x00000036   Code   RO         2884    .text.arm_cfft_init_128_f32  transformfunctions.o
    0x08005876   0x08005876   0x00000002   PAD
    0x08005878   0x08005878   0x00000036   Code   RO         2890    .text.arm_cfft_init_16_f32  transformfunctions.o
    0x080058ae   0x080058ae   0x00000002   PAD
    0x080058b0   0x080058b0   0x00000038   Code   RO         2876    .text.arm_cfft_init_2048_f32  transformfunctions.o
    0x080058e8   0x080058e8   0x00000038   Code   RO         2882    .text.arm_cfft_init_256_f32  transformfunctions.o
    0x08005920   0x08005920   0x00000036   Code   RO         2888    .text.arm_cfft_init_32_f32  transformfunctions.o
    0x08005956   0x08005956   0x00000002   PAD
    0x08005958   0x08005958   0x00000038   Code   RO         2880    .text.arm_cfft_init_512_f32  transformfunctions.o
    0x08005990   0x08005990   0x00000036   Code   RO         2886    .text.arm_cfft_init_64_f32  transformfunctions.o
    0x080059c6   0x080059c6   0x00000002   PAD
    0x080059c8   0x080059c8   0x000003ea   Code   RO         2842    .text.arm_cfft_radix8by2_f32  transformfunctions.o
    0x08005db2   0x08005db2   0x00000002   PAD
    0x08005db4   0x08005db4   0x00000a60   Code   RO         2844    .text.arm_cfft_radix8by4_f32  transformfunctions.o
    0x08006814   0x08006814   0x00000108   Code   RO         1904    .text.arm_cos_f32   fastmathfunctions.o
    0x0800691c   0x0800691c   0x00000044   Code   RO         1356    .text.arm_mult_f32  basicmathfunctions.o
    0x08006960   0x08006960   0x00000e04   Code   RO         2846    .text.arm_radix8_butterfly_f32  transformfunctions.o
    0x08007764   0x08007764   0x00000052   Code   RO         2982    .text.arm_rfft_fast_f32  transformfunctions.o
    0x080077b6   0x080077b6   0x00000002   PAD
    0x080077b8   0x080077b8   0x00000054   Code   RO         3004    .text.arm_rfft_fast_init_1024_f32  transformfunctions.o
    0x0800780c   0x0800780c   0x00000052   Code   RO         2998    .text.arm_rfft_fast_init_128_f32  transformfunctions.o
    0x0800785e   0x0800785e   0x00000002   PAD
    0x08007860   0x08007860   0x00000054   Code   RO         3006    .text.arm_rfft_fast_init_2048_f32  transformfunctions.o
    0x080078b4   0x080078b4   0x00000054   Code   RO         3000    .text.arm_rfft_fast_init_256_f32  transformfunctions.o
    0x08007908   0x08007908   0x00000052   Code   RO         2994    .text.arm_rfft_fast_init_32_f32  transformfunctions.o
    0x0800795a   0x0800795a   0x00000002   PAD
    0x0800795c   0x0800795c   0x00000054   Code   RO         3008    .text.arm_rfft_fast_init_4096_f32  transformfunctions.o
    0x080079b0   0x080079b0   0x00000054   Code   RO         3002    .text.arm_rfft_fast_init_512_f32  transformfunctions.o
    0x08007a04   0x08007a04   0x00000052   Code   RO         2996    .text.arm_rfft_fast_init_64_f32  transformfunctions.o
    0x08007a56   0x08007a56   0x00000002   PAD
    0x08007a58   0x08007a58   0x000000d4   Code   RO         3010    .text.arm_rfft_fast_init_f32  transformfunctions.o
    0x08007b2c   0x08007b2c   0x000001f8   Code   RO         1290    .text.fft_init      fft.o
    0x08007d24   0x08007d24   0x000002dc   Code   RO         1292    .text.fft_process   fft.o
    0x08008000   0x08008000   0x0000018c   Code   RO           11    .text.main          main.o
    0x0800818c   0x0800818c   0x0000017e   Code   RO         2984    .text.merge_rfft_f32  transformfunctions.o
    0x0800830a   0x0800830a   0x00000002   PAD
    0x0800830c   0x0800830c   0x000001ba   Code   RO         2986    .text.stage_rfft_f32  transformfunctions.o
    0x080084c6   0x080084c6   0x00000002   PAD
    0x080084c8   0x080084c8   0x00000028   Code   RO         3456    i.__0sprintf        mc_w.l(printfa.o)
    0x080084f0   0x080084f0   0x00000026   Code   RO         3530    i.__ARM_fpclassifyf  m_wm.l(fpclassifyf.o)
    0x08008516   0x08008516   0x00000002   PAD
    0x08008518   0x08008518   0x00000180   Code   RO         3401    i.__hardfp_log10f   m_wm.l(log10f.o)
    0x08008698   0x08008698   0x00000664   Code   RO         3415    i.__hardfp_powf     m_wm.l(powf.o)
    0x08008cfc   0x08008cfc   0x0000003a   Code   RO         3428    i.__hardfp_sqrtf    m_wm.l(sqrtf.o)
    0x08008d36   0x08008d36   0x00000002   PAD
    0x08008d38   0x08008d38   0x00000014   Code   RO         3532    i.__mathlib_flt_divzero  m_wm.l(funder.o)
    0x08008d4c   0x08008d4c   0x00000006   Code   RO         3533    i.__mathlib_flt_infnan  m_wm.l(funder.o)
    0x08008d52   0x08008d52   0x00000006   Code   RO         3534    i.__mathlib_flt_infnan2  m_wm.l(funder.o)
    0x08008d58   0x08008d58   0x00000010   Code   RO         3535    i.__mathlib_flt_invalid  m_wm.l(funder.o)
    0x08008d68   0x08008d68   0x00000010   Code   RO         3536    i.__mathlib_flt_overflow  m_wm.l(funder.o)
    0x08008d78   0x08008d78   0x00000010   Code   RO         3538    i.__mathlib_flt_underflow  m_wm.l(funder.o)
    0x08008d88   0x08008d88   0x0000000e   Code   RO         3626    i.__scatterload_copy  mc_w.l(handlers.o)
    0x08008d96   0x08008d96   0x00000002   Code   RO         3627    i.__scatterload_null  mc_w.l(handlers.o)
    0x08008d98   0x08008d98   0x0000000e   Code   RO         3628    i.__scatterload_zeroinit  mc_w.l(handlers.o)
    0x08008da6   0x08008da6   0x00000002   PAD
    0x08008da8   0x08008da8   0x0000000c   Code   RO         3594    i.__set_errno       mc_w.l(errno.o)
    0x08008db4   0x08008db4   0x00000184   Code   RO         3461    i._fp_digits        mc_w.l(printfa.o)
    0x08008f38   0x08008f38   0x000006dc   Code   RO         3462    i._printf_core      mc_w.l(printfa.o)
    0x08009614   0x08009614   0x00000024   Code   RO         3463    i._printf_post_padding  mc_w.l(printfa.o)
    0x08009638   0x08009638   0x0000002e   Code   RO         3464    i._printf_pre_padding  mc_w.l(printfa.o)
    0x08009666   0x08009666   0x0000000a   Code   RO         3466    i._sputc            mc_w.l(printfa.o)
    0x08009670   0x08009670   0x00000040   Data   RO         3404    .constdata          m_wm.l(log10f.o)
    0x080096b0   0x080096b0   0x00000140   Data   RO         3418    .constdata          m_wm.l(powf.o)
    0x080097f0   0x080097f0   0x00000010   Data   RO         1155    .rodata.AHBPrescTable  system_stm32f4xx.o
    0x08009800   0x08009800   0x00000008   Data   RO         1156    .rodata.APBPrescTable  system_stm32f4xx.o
    0x08009808   0x08009808   0x000011d0   Data   RO         1175    .rodata.ASCII_2412_Table  lcd_fonts.o
    0x0800a9d8   0x0800a9d8   0x00000008   Data   RO          449    .rodata.DMA_CalcBaseAndBitshift.flagBitshiftOffset  stm32f4xx_hal_dma.o
    0x0800a9e0   0x0800a9e0   0x00000e10   Data   RO         1538    .rodata.armBitRevIndexTable1024  commontables.o
    0x0800b7f0   0x0800b7f0   0x000001a0   Data   RO         1535    .rodata.armBitRevIndexTable128  commontables.o
    0x0800b990   0x0800b990   0x00000028   Data   RO         1532    .rodata.armBitRevIndexTable16  commontables.o
    0x0800b9b8   0x0800b9b8   0x00001dc0   Data   RO         1539    .rodata.armBitRevIndexTable2048  commontables.o
    0x0800d778   0x0800d778   0x00000370   Data   RO         1536    .rodata.armBitRevIndexTable256  commontables.o
    0x0800dae8   0x0800dae8   0x00000060   Data   RO         1533    .rodata.armBitRevIndexTable32  commontables.o
    0x0800db48   0x0800db48   0x00000380   Data   RO         1537    .rodata.armBitRevIndexTable512  commontables.o
    0x0800dec8   0x0800dec8   0x00000070   Data   RO         1534    .rodata.armBitRevIndexTable64  commontables.o
    0x0800df38   0x0800df38   0x00000010   Data   RO         1618    .rodata.arm_cfft_sR_f32_len1024  commontables.o
    0x0800df48   0x0800df48   0x00000010   Data   RO         1615    .rodata.arm_cfft_sR_f32_len128  commontables.o
    0x0800df58   0x0800df58   0x00000010   Data   RO         1612    .rodata.arm_cfft_sR_f32_len16  commontables.o
    0x0800df68   0x0800df68   0x00000010   Data   RO         1619    .rodata.arm_cfft_sR_f32_len2048  commontables.o
    0x0800df78   0x0800df78   0x00000010   Data   RO         1616    .rodata.arm_cfft_sR_f32_len256  commontables.o
    0x0800df88   0x0800df88   0x00000010   Data   RO         1613    .rodata.arm_cfft_sR_f32_len32  commontables.o
    0x0800df98   0x0800df98   0x00000010   Data   RO         1617    .rodata.arm_cfft_sR_f32_len512  commontables.o
    0x0800dfa8   0x0800dfa8   0x00000010   Data   RO         1614    .rodata.arm_cfft_sR_f32_len64  commontables.o
    0x0800dfb8   0x0800dfb8   0x00000804   Data   RO         1598    .rodata.sinTable_f32  commontables.o
    0x0800e7bc   0x0800e7bc   0x0000002d   Data   RO           23    .rodata.str1.1      main.o
    0x0800e7e9   0x0800e7e9   0x00000003   PAD
    0x0800e7ec   0x0800e7ec   0x00002000   Data   RO         1502    .rodata.twiddleCoef_1024  commontables.o
    0x080107ec   0x080107ec   0x00000400   Data   RO         1499    .rodata.twiddleCoef_128  commontables.o
    0x08010bec   0x08010bec   0x00000080   Data   RO         1496    .rodata.twiddleCoef_16  commontables.o
    0x08010c6c   0x08010c6c   0x00004000   Data   RO         1503    .rodata.twiddleCoef_2048  commontables.o
    0x08014c6c   0x08014c6c   0x00000800   Data   RO         1500    .rodata.twiddleCoef_256  commontables.o
    0x0801546c   0x0801546c   0x00000100   Data   RO         1497    .rodata.twiddleCoef_32  commontables.o
    0x0801556c   0x0801556c   0x00001000   Data   RO         1501    .rodata.twiddleCoef_512  commontables.o
    0x0801656c   0x0801656c   0x00000200   Data   RO         1498    .rodata.twiddleCoef_64  commontables.o
    0x0801676c   0x0801676c   0x00001000   Data   RO         1563    .rodata.twiddleCoef_rfft_1024  commontables.o
    0x0801776c   0x0801776c   0x00000200   Data   RO         1560    .rodata.twiddleCoef_rfft_128  commontables.o
    0x0801796c   0x0801796c   0x00002000   Data   RO         1564    .rodata.twiddleCoef_rfft_2048  commontables.o
    0x0801996c   0x0801996c   0x00000400   Data   RO         1561    .rodata.twiddleCoef_rfft_256  commontables.o
    0x08019d6c   0x08019d6c   0x00000080   Data   RO         1558    .rodata.twiddleCoef_rfft_32  commontables.o
    0x08019dec   0x08019dec   0x00004000   Data   RO         1565    .rodata.twiddleCoef_rfft_4096  commontables.o
    0x0801ddec   0x0801ddec   0x00000800   Data   RO         1562    .rodata.twiddleCoef_rfft_512  commontables.o
    0x0801e5ec   0x0801e5ec   0x00000100   Data   RO         1559    .rodata.twiddleCoef_rfft_64  commontables.o
    0x0801e6ec   0x0801e6ec   0x00000020   Data   RO         3625    Region$$Table       anon$$obj.o


    Execution Region RW_IRAM1 (Exec base: 0x20000000, Load base: 0x0801e710, Size: 0x00006718, Max: 0x0001c000, ABSOLUTE)

    Exec Addr    Load Addr    Size         Type   Attr      Idx    E Section Name        Object

    0x20000000   0x0801e710   0x00000004   Data   RW         3595    .data               mc_w.l(errno.o)
    0x20000004   0x0801e714   0x0000000c   Data   RW         1180    .data.ASCII_Font24  lcd_fonts.o
    0x20000010   0x0801e720   0x00000004   Data   RW         1154    .data.SystemCoreClock  system_stm32f4xx.o
    0x20000014   0x0801e724   0x00000004   Data   RW         1308    .data.last_spl      fft.o
    0x20000018   0x0801e728   0x00000001   Data   RW          649    .data.uwTickFreq    stm32f4xx_hal.o
    0x20000019   0x0801e729   0x00000003   PAD
    0x2000001c   0x0801e72c   0x00000004   Data   RW          648    .data.uwTickPrio    stm32f4xx_hal.o
    0x20000020        -       0x00000010   Zero   RW         1262    .bss.LCD            lcd_spi_169.o
    0x20000030        -       0x00000004   Zero   RW         1263    .bss.LCD_AsciiFonts  lcd_spi_169.o
    0x20000034        -       0x00000800   Zero   RW         1264    .bss.LCD_Buff       lcd_spi_169.o
    0x20000834        -       0x00000004   Zero   RW         1312    .bss.a_weighted_total_energy  fft.o
    0x20000838        -       0x00000800   Zero   RW         1305    .bss.a_weighting    fft.o
    0x20001038        -       0x00000010   Zero   RW           22    .bss.audio_buf      main.o
    0x20001048        -       0x00000004   Zero   RW           24    .bss.dma_cnt        main.o
    0x2000104c        -       0x00001000   Zero   RW         1309    .bss.fft_buf        fft.o
    0x2000204c        -       0x00000002   Zero   RW         1300    .bss.fft_buf_idx    fft.o
    0x2000204e   0x0801e730   0x00000002   PAD
    0x20002050        -       0x00001000   Zero   RW         1310    .bss.fft_input      fft.o
    0x20003050        -       0x00000018   Zero   RW         1302    .bss.fft_instance   fft.o
    0x20003068        -       0x00001000   Zero   RW         1311    .bss.fft_output     fft.o
    0x20004068        -       0x00000001   Zero   RW         1301    .bss.fft_ready      fft.o
    0x20004069   0x0801e730   0x00000003   PAD
    0x2000406c        -       0x0000100c   Zero   RW         1304    .bss.fft_result     fft.o
    0x20005078        -       0x00001000   Zero   RW         1303    .bss.hanning_window  fft.o
    0x20006078        -       0x00000060   Zero   RW           57    .bss.hdma_spi2_rx   i2s.o
    0x200060d8        -       0x00000048   Zero   RW           56    .bss.hi2s2          i2s.o
    0x20006120        -       0x00000048   Zero   RW           73    .bss.htim4          tim.o
    0x20006168        -       0x00000048   Zero   RW           74    .bss.htim6          tim.o
    0x200061b0        -       0x00000048   Zero   RW           91    .bss.huart1         usart.o
    0x200061f8        -       0x00000004   Zero   RW         1307    .bss.last_ratio     fft.o
    0x200061fc        -       0x00000004   Zero   RW         1306    .bss.rms_value      fft.o
    0x20006200        -       0x00000004   Zero   RW           21    .bss.sql_db         main.o
    0x20006204        -       0x00000004   Zero   RW           19    .bss.target_ratio   main.o
    0x20006208        -       0x00000100   Zero   RW           92    .bss.uart_rx_buffer  usart.o
    0x20006308        -       0x00000002   Zero   RW           90    .bss.uart_rx_index  usart.o
    0x2000630a   0x0801e730   0x00000002   PAD
    0x2000630c        -       0x00000004   Zero   RW          650    .bss.uwTick         stm32f4xx_hal.o
    0x20006310        -       0x00000004   Zero   RW           25    .bss.val32          main.o
    0x20006314   0x0801e730   0x00000004   PAD
    0x20006318        -       0x00000400   Zero   RW            1    STACK               startup_stm32f407xx.o


    Execution Region RW_IRAM2 (Exec base: 0x2001c000, Load base: 0x0801e730, Size: 0x00000000, Max: 0x00004000, ABSOLUTE)

    **** No section assigned to this execution region ****


==============================================================================

Image component sizes


      Code (inc. data)   RO Data    RW Data    ZI Data      Debug   Object Name

        68          0          0          0          0      15720   basicmathfunctions.o
         0          0      81116          0          0      10641   commontables.o
        60          0          0          0          0       3298   dma.o
       264         12          0          0          0      15444   fastmathfunctions.o
      1952         92          0          4      22579       4118   fft.o
       264          0          0          0          0       2167   gpio.o
       310          0          0          0          0       6359   hardware.o
       442          0          0          0        168       7095   i2s.o
         0          0       4560         12          0       1476   lcd_fonts.o
      2344          0          0          0       2068      12116   lcd_spi_169.o
       588          8         45          0         32       3614   main.o
        36          8        392          0       1024        852   startup_stm32f407xx.o
       276          0          0          5          4       7124   stm32f4xx_hal.o
       482          0          0          0          0       9731   stm32f4xx_hal_cortex.o
      2068          8          8          0          0       8509   stm32f4xx_hal_dma.o
       996          0          0          0          0       5105   stm32f4xx_hal_gpio.o
      1688          0          0          0          0      11412   stm32f4xx_hal_i2s.o
      1112          0          0          0          0       8753   stm32f4xx_hal_i2s_ex.o
        74          0          0          0          0       1486   stm32f4xx_hal_msp.o
      2646          0          0          0          0       7609   stm32f4xx_hal_rcc.o
       766          0          0          0          0       4200   stm32f4xx_hal_rcc_ex.o
      2036          0          0          0          0      36014   stm32f4xx_hal_tim.o
       306          0          0          0          0      15345   stm32f4xx_hal_tim_ex.o
      2522          0          0          0          0      20440   stm32f4xx_hal_uart.o
       114          0          0          0          0       1508   stm32f4xx_it.o
        18          0         24          4          0       2516   system_stm32f4xx.o
       376          0          0          0        144       7276   tim.o
      9954          8          0          0          0      92977   transformfunctions.o
       250          0          0          0        330       7170   usart.o

    ----------------------------------------------------------------------
     32148        136      86180         28      26360     330075   Object Totals
         0          0         32          0          0          0   (incl. Generated)
       136          0          3          3         11          0   (incl. Padding)

    ----------------------------------------------------------------------

      Code (inc. data)   RO Data    RW Data    ZI Data      Debug   Library Member Name

        38          0          0          0          0        116   fpclassifyf.o
        80         24          0          0          0        696   funder.o
       384         52         64          0          0        140   log10f.o
      1636        110        320          0          0        372   powf.o
        58          0          0          0          0        136   sqrtf.o
         0          0          0          0          0          0   entry.o
         0          0          0          0          0          0   entry10a.o
         0          0          0          0          0          0   entry11a.o
         8          4          0          0          0          0   entry2.o
         4          0          0          0          0          0   entry5.o
         0          0          0          0          0          0   entry7b.o
         0          0          0          0          0          0   entry8b.o
         8          4          0          0          0          0   entry9a.o
        12          6          0          4          0         68   errno.o
        30          0          0          0          0          0   handlers.o
        48         10          0          0          0         68   init.o
         0          0          0          0          0          0   iusefp.o
        30          0          0          0          0         68   llshl.o
        36          0          0          0          0         68   llsshr.o
        32          0          0          0          0         68   llushr.o
        36          0          0          0          0        108   memseta.o
      2276         86          0          0          0        520   printfa.o
        44          0          0          0          0         80   uidiv.o
        98          0          0          0          0         92   uldiv.o
        48          0          0          0          0         68   cdrcmple.o
       334          0          0          0          0        148   dadd.o
       222          0          0          0          0        100   ddiv.o
       186          0          0          0          0        176   depilogue.o
        48          0          0          0          0         68   dfixul.o
       228          0          0          0          0         96   dmul.o
        38          0          0          0          0         68   f2d.o
         4          0          0          0          0         68   fpstat.o

    ----------------------------------------------------------------------
      5972        296        384          4          0       3392   Library Totals
         6          0          0          0          0          0   (incl. Padding)

    ----------------------------------------------------------------------

      Code (inc. data)   RO Data    RW Data    ZI Data      Debug   Library Name

      2196        186        384          0          0       1460   m_wm.l
      2662        110          0          4          0       1140   mc_w.l
      1108          0          0          0          0        792   mf_w.l

    ----------------------------------------------------------------------
      5972        296        384          4          0       3392   Library Totals

    ----------------------------------------------------------------------

==============================================================================


      Code (inc. data)   RO Data    RW Data    ZI Data      Debug   

     38120        432      86564         32      26360     331335   Grand Totals
     38120        432      86564         32      26360     331335   ELF Image Totals
     38120        432      86564         32          0          0   ROM Totals

==============================================================================

    Total RO  Size (Code + RO Data)               124684 ( 121.76kB)
    Total RW  Size (RW Data + ZI Data)             26392 (  25.77kB)
    Total ROM Size (Code + RO Data + RW Data)     124716 ( 121.79kB)

==============================================================================

